Archive member included to satisfy reference by file (symbol)

ym/ubit-neopixel/source/ubit-neopixel.a(uBit_neopixel.cpp.o)
                              source/CMakeFiles/dancing-lady.dir/Users/emorgan/GitHub/dancing_lady/source/main.cpp.o (neopixel_init(_neopixel_strip_t*, unsigned char, unsigned short))
ym/microbit-dal/source/microbit-dal.a(MicroBitHeapAllocator.cpp.o)
                              source/CMakeFiles/dancing-lady.dir/Users/emorgan/GitHub/dancing_lady/source/main.cpp.o (microbit_free(void*))
ym/microbit-dal/source/microbit-dal.a(ManagedString.cpp.o)
                              source/CMakeFiles/dancing-lady.dir/Users/emorgan/GitHub/dancing_lady/source/main.cpp.o (ManagedString::~ManagedString())
ym/microbit-dal/source/microbit-dal.a(PacketBuffer.cpp.o)
                              ym/microbit-dal/source/microbit-dal.a(ManagedString.cpp.o) (PacketBuffer::getBytes())
ym/microbit-dal/source/microbit-dal.a(RefCounted.cpp.o)
                              ym/microbit-dal/source/microbit-dal.a(ManagedString.cpp.o) (RefCounted::init())
ym/microbit-dal/source/microbit-dal.a(MicroBitAccelerometer.cpp.o)
                              source/CMakeFiles/dancing-lady.dir/Users/emorgan/GitHub/dancing_lady/source/main.cpp.o (MicroBitAccelerometer::~MicroBitAccelerometer())
ym/microbit-dal/source/microbit-dal.a(MicroBitButton.cpp.o)
                              source/CMakeFiles/dancing-lady.dir/Users/emorgan/GitHub/dancing_lady/source/main.cpp.o (MicroBitButton::~MicroBitButton())
ym/microbit-dal/source/microbit-dal.a(MicroBitDisplay.cpp.o)
                              source/CMakeFiles/dancing-lady.dir/Users/emorgan/GitHub/dancing_lady/source/main.cpp.o (MicroBitDisplay::~MicroBitDisplay())
ym/microbit-dal/source/microbit-dal.a(MicroBitI2C.cpp.o)
                              source/CMakeFiles/dancing-lady.dir/Users/emorgan/GitHub/dancing_lady/source/main.cpp.o (MicroBitI2C::MicroBitI2C(PinName, PinName))
ym/microbit-dal/source/microbit-dal.a(MicroBitLightSensor.cpp.o)
                              ym/microbit-dal/source/microbit-dal.a(MicroBitDisplay.cpp.o) (MicroBitLightSensor::read())
ym/microbit-dal/source/microbit-dal.a(MicroBitCompat.cpp.o)
                              ym/microbit-dal/source/microbit-dal.a(ManagedString.cpp.o) (itoa(int, char*))
ym/microbit-dal/source/microbit-dal.a(MicroBitDevice.cpp.o)
                              ym/microbit-dal/source/microbit-dal.a(MicroBitHeapAllocator.cpp.o) (microbit_panic(int))
ym/microbit-dal/source/microbit-dal.a(MicroBitFiber.cpp.o)
                              ym/microbit-dal/source/microbit-dal.a(MicroBitAccelerometer.cpp.o) (fiber_add_idle_component(MicroBitComponent*))
ym/microbit-dal/source/microbit-dal.a(MicroBitFont.cpp.o)
                              ym/microbit-dal/source/microbit-dal.a(MicroBitDisplay.cpp.o) (MicroBitFont::setSystemFont(MicroBitFont))
ym/microbit-dal/source/microbit-dal.a(MicroBitListener.cpp.o)
                              ym/microbit-dal/source/microbit-dal.a(MicroBitFiber.cpp.o) (MicroBitListener::MicroBitListener(unsigned short, unsigned short, void (*)(MicroBitEvent), unsigned short))
ym/microbit-dal/source/microbit-dal.a(MicroBitSystemTimer.cpp.o)
                              ym/microbit-dal/source/microbit-dal.a(MicroBitDisplay.cpp.o) (system_timer_set_period(int))
ym/microbit-dal/source/microbit-dal.a(MicroBitEvent.cpp.o)
                              ym/microbit-dal/source/microbit-dal.a(MicroBitLightSensor.cpp.o) (MicroBitEvent::MicroBitEvent())
ym/microbit-dal/source/microbit-dal.a(MicroBitImage.cpp.o)
                              ym/microbit-dal/source/microbit-dal.a(MicroBitDisplay.cpp.o) (MicroBitImage::~MicroBitImage())
ym/microbit-dal/source/microbit-dal.a(CortexContextSwitch.s.obj)
                              ym/microbit-dal/source/microbit-dal.a(MicroBitFiber.cpp.o) (swap_context)
ym/mbed-classic/existing/mbed-classic.a(I2C.cpp.o)
                              ym/microbit-dal/source/microbit-dal.a(MicroBitI2C.cpp.o) (mbed::I2C::I2C(PinName, PinName))
ym/mbed-classic/existing/mbed-classic.a(retarget.cpp.o)
                              /usr/local/Cellar/arm-none-eabi-gcc/5.0-2016-q1-update/bin/../lib/gcc/arm-none-eabi/5.3.1/../../../../arm-none-eabi/lib/armv6-m/crt0.o (__wrap_main)
ym/mbed-classic/existing/mbed-classic.a(Serial.cpp.o)
                              source/CMakeFiles/dancing-lady.dir/Users/emorgan/GitHub/dancing_lady/source/main.cpp.o (mbed::Serial::Serial(PinName, PinName, char const*))
ym/mbed-classic/existing/mbed-classic.a(SerialBase.cpp.o)
                              ym/mbed-classic/existing/mbed-classic.a(Serial.cpp.o) (mbed::SerialBase::SerialBase(PinName, PinName))
ym/mbed-classic/existing/mbed-classic.a(Stream.cpp.o)
                              ym/mbed-classic/existing/mbed-classic.a(Serial.cpp.o) (mbed::Stream::write(void const*, unsigned int))
ym/mbed-classic/existing/mbed-classic.a(Ticker.cpp.o)
[...]
Memory Configuration

Name             Origin             Length             Attributes
FLASH            0x0000000000018000 0x0000000000028000 xr
RAM              0x0000000020002000 0x0000000000002000 xrw
*default*        0x0000000000000000 0xffffffffffffffff

Linker script and memory map

LOAD /usr/local/Cellar/arm-none-eabi-gcc/5.0-2016-q1-update/bin/../lib/gcc/arm-none-eabi/5.3.1/armv6-m/crti.o
LOAD /usr/local/Cellar/arm-none-eabi-gcc/5.0-2016-q1-update/bin/../lib/gcc/arm-none-eabi/5.3.1/armv6-m/crtbegin.o
LOAD /usr/local/Cellar/arm-none-eabi-gcc/5.0-2016-q1-update/bin/../lib/gcc/arm-none-eabi/5.3.1/../../../../arm-none-eabi/lib/armv6-m/crt0.o
START GROUP
LOAD source/CMakeFiles/dancing-lady.dir/Users/emorgan/GitHub/dancing_lady/source/main.cpp.o
LOAD ym/microbit/source/microbit.a
LOAD ym/ubit-neopixel/source/ubit-neopixel.a
LOAD ym/microbit-dal/source/microbit-dal.a
LOAD ym/ble/source/ble.a
LOAD ym/ble-nrf51822/source/ble-nrf51822.a
LOAD ym/ble/source/ble.a
LOAD ym/ble-nrf51822/source/ble-nrf51822.a
LOAD ym/nrf51-sdk/source/nrf51-sdk.a
LOAD ym/mbed-classic/existing/mbed-classic.a
LOAD /usr/local/Cellar/arm-none-eabi-gcc/5.0-2016-q1-update/bin/../lib/gcc/arm-none-eabi/5.3.1/../../../../arm-none-eabi/lib/armv6-m/libnosys.a
LOAD /usr/local/Cellar/arm-none-eabi-gcc/5.0-2016-q1-update/bin/../lib/gcc/arm-none-eabi/5.3.1/../../../../arm-none-eabi/lib/armv6-m/libstdc++_nano.a
LOAD /usr/local/Cellar/arm-none-eabi-gcc/5.0-2016-q1-update/bin/../lib/gcc/arm-none-eabi/5.3.1/../../../../arm-none-eabi/lib/armv6-m/libsupc++_nano.a
LOAD /usr/local/Cellar/arm-none-eabi-gcc/5.0-2016-q1-update/bin/../lib/gcc/arm-none-eabi/5.3.1/armv6-m/libgcc.a
LOAD /usr/local/Cellar/arm-none-eabi-gcc/5.0-2016-q1-update/bin/../lib/gcc/arm-none-eabi/5.3.1/../../../../arm-none-eabi/lib/armv6-m/libstdc++_nano.a
LOAD /usr/local/Cellar/arm-none-eabi-gcc/5.0-2016-q1-update/bin/../lib/gcc/arm-none-eabi/5.3.1/../../../../arm-none-eabi/lib/armv6-m/libsupc++_nano.a
LOAD /usr/local/Cellar/arm-none-eabi-gcc/5.0-2016-q1-update/bin/../lib/gcc/arm-none-eabi/5.3.1/../../../../arm-none-eabi/lib/armv6-m/libm.a
LOAD /usr/local/Cellar/arm-none-eabi-gcc/5.0-2016-q1-update/bin/../lib/gcc/arm-none-eabi/5.3.1/../../../../arm-none-eabi/lib/armv6-m/libc_nano.a
LOAD /usr/local/Cellar/arm-none-eabi-gcc/5.0-2016-q1-update/bin/../lib/gcc/arm-none-eabi/5.3.1/armv6-m/libgcc.a
END GROUP
LOAD /usr/local/Cellar/arm-none-eabi-gcc/5.0-2016-q1-update/bin/../lib/gcc/arm-none-eabi/5.3.1/../../../../arm-none-eabi/lib/armv6-m/libstdc++_nano.a
LOAD /usr/local/Cellar/arm-none-eabi-gcc/5.0-2016-q1-update/bin/../lib/gcc/arm-none-eabi/5.3.1/../../../../arm-none-eabi/lib/armv6-m/libm.a
LOAD /usr/local/Cellar/arm-none-eabi-gcc/5.0-2016-q1-update/bin/../lib/gcc/arm-none-eabi/5.3.1/../../../../arm-none-eabi/lib/armv6-m/libc_nano.a
START GROUP
LOAD /usr/local/Cellar/arm-none-eabi-gcc/5.0-2016-q1-update/bin/../lib/gcc/arm-none-eabi/5.3.1/armv6-m/libgcc.a
LOAD /usr/local/Cellar/arm-none-eabi-gcc/5.0-2016-q1-update/bin/../lib/gcc/arm-none-eabi/5.3.1/../../../../arm-none-eabi/lib/armv6-m/libc_nano.a
END GROUP
START GROUP
LOAD /usr/local/Cellar/arm-none-eabi-gcc/5.0-2016-q1-update/bin/../lib/gcc/arm-none-eabi/5.3.1/armv6-m/libgcc.a
LOAD /usr/local/Cellar/arm-none-eabi-gcc/5.0-2016-q1-update/bin/../lib/gcc/arm-none-eabi/5.3.1/../../../../arm-none-eabi/lib/armv6-m/libc_nano.a
END GROUP
LOAD /usr/local/Cellar/arm-none-eabi-gcc/5.0-2016-q1-update/bin/../lib/gcc/arm-none-eabi/5.3.1/armv6-m/crtend.o
LOAD /usr/local/Cellar/arm-none-eabi-gcc/5.0-2016-q1-update/bin/../lib/gcc/arm-none-eabi/5.3.1/armv6-m/crtn.o

.text           0x0000000000018000     0x7e38
 *(SORT(.Vectors))
 .Vectors       0x0000000000018000       0xc0 ym/mbed-classic/existing/mbed-classic.a(startup_NRF51822.S.obj)
                0x0000000000018000                __Vectors
 *(SORT(.text*))
 .text          0x00000000000180c0       0x60 /usr/local/Cellar/arm-none-eabi-gcc/5.0-2016-q1-update/bin/../lib/gcc/arm-none-eabi/5.3.1/armv6-m/crtbegin.o
 .text          0x0000000000018120       0x78 /usr/local/Cellar/arm-none-eabi-gcc/5.0-2016-q1-update/bin/../lib/gcc/arm-none-eabi/5.3.1/../../../../arm-none-eabi/lib/armv6-m/crt0.o
                0x0000000000018120                _mainCRTStartup
                0x0000000000018120                _start
 .text._ZN4mbed6SerialD2Ev
                0x0000000000018198       0x48 source/CMakeFiles/dancing-lady.dir/Users/emorgan/GitHub/dancing_lady/source/main.cpp.o
                0x0000000000018198                mbed::Serial::~Serial()
                0x0000000000018198                mbed::Serial::~Serial()
                0x00000000000181c0                non-virtual thunk to mbed::Serial::~Serial()
                0x00000000000181d0                non-virtual thunk to mbed::Serial::~Serial()
 .text._Z10startupSeqv
                0x00000000000181e0       0x94 source/CMakeFiles/dancing-lady.dir/Users/emorgan/GitHub/dancing_lady/source/main.cpp.o
                0x00000000000181e0                startupSeq()
 .text._Z6getRawv
                0x0000000000018274       0x30 source/CMakeFiles/dancing-lady.dir/Users/emorgan/GitHub/dancing_lady/source/main.cpp.o
                0x0000000000018274                getRaw()
 .text._Z12checkButtonAv
                0x00000000000182a4       0x54 source/CMakeFiles/dancing-lady.dir/Users/emorgan/GitHub/dancing_lady/source/main.cpp.o
                0x00000000000182a4                checkButtonA()
 .text.startup.main
                0x00000000000182f8      0x238 source/CMakeFiles/dancing-lady.dir/Users/emorgan/GitHub/dancing_lady/source/main.cpp.o
                0x00000000000182f8                main
 .text._ZN4mbed6SerialD0Ev
                0x0000000000018530       0x34 source/CMakeFiles/dancing-lady.dir/Users/emorgan/GitHub/dancing_lady/source/main.cpp.o
                0x0000000000018530                mbed::Serial::~Serial()
                0x0000000000018542                non-virtual thunk to mbed::Serial::~Serial()
                0x0000000000018554                non-virtual thunk to mbed::Serial::~Serial()
 .text.startup._GLOBAL__sub_I_pin_num
                0x0000000000018564       0xb4 source/CMakeFiles/dancing-lady.dir/Users/emorgan/GitHub/dancing_lady/source/main.cpp.o
 .text._Z13neopixel_initP17_neopixel_strip_tht
                0x0000000000018618       0x6c ym/ubit-neopixel/source/ubit-neopixel.a(uBit_neopixel.cpp.o)
                0x0000000000018618                neopixel_init(_neopixel_strip_t*, unsigned char, unsigned short)
 .text._Z13neopixel_showP17_neopixel_strip_t
                0x0000000000018684      0x20c ym/ubit-neopixel/source/ubit-neopixel.a(uBit_neopixel.cpp.o)
                0x0000000000018684                neopixel_show(_neopixel_strip_t*)
 .text._Z15microbit_mallocj
                0x0000000000018890       0x44 ym/microbit-dal/source/microbit-dal.a(MicroBitHeapAllocator.cpp.o)
                0x0000000000018890                microbit_malloc(unsigned int)
 .text._Z13microbit_freePv
                0x00000000000188d4       0x44 ym/microbit-dal/source/microbit-dal.a(MicroBitHeapAllocator.cpp.o)
                0x00000000000188d4                microbit_free(void*)
 .text._ZN13ManagedStringC2EPKc
                0x0000000000018918       0x20 ym/microbit-dal/source/microbit-dal.a(ManagedString.cpp.o)
                0x0000000000018918                ManagedString::ManagedString(char const*)
                0x0000000000018918                ManagedString::ManagedString(char const*)
 .text._ZN13ManagedStringC2Ev
                0x0000000000018938        0xc ym/microbit-dal/source/microbit-dal.a(ManagedString.cpp.o)
                0x0000000000018938                ManagedString::ManagedString()
                0x0000000000018938                ManagedString::ManagedString()
 .text.startup._GLOBAL__sub_I__ZN13ManagedString9initEmptyEv
                0x0000000000018944       0x28 ym/microbit-dal/source/microbit-dal.a(ManagedString.cpp.o)
 .text.startup._GLOBAL__sub_I__ZN12PacketBuffer11EmptyPacketE
                0x000000000001896c       0x24 ym/microbit-dal/source/microbit-dal.a(PacketBuffer.cpp.o)
 .text._ZL16isReadOnlyInlineP10RefCounted
                0x0000000000018990       0x24 ym/microbit-dal/source/microbit-dal.a(RefCounted.cpp.o)
 .text._ZN21MicroBitAccelerometerD2Ev
                0x00000000000189b4       0x18 ym/microbit-dal/source/microbit-dal.a(MicroBitAccelerometer.cpp.o)
                0x00000000000189b4                MicroBitAccelerometer::~MicroBitAccelerometer()
                0x00000000000189b4                MicroBitAccelerometer::~MicroBitAccelerometer()
 .text._ZN21MicroBitAccelerometer9configureEv
                0x00000000000189cc       0xbc ym/microbit-dal/source/microbit-dal.a(MicroBitAccelerometer.cpp.o)
                0x00000000000189cc                MicroBitAccelerometer::configure()
 .text._ZN21MicroBitAccelerometer11readCommandEhPhi
                0x0000000000018a88       0x4c ym/microbit-dal/source/microbit-dal.a(MicroBitAccelerometer.cpp.o)
                0x0000000000018a88                MicroBitAccelerometer::readCommand(unsigned char, unsigned char*, int)
 .text._ZN21MicroBitAccelerometerC2ER11MicroBitI2Ctt
                0x0000000000018ad4       0x94 ym/microbit-dal/source/microbit-dal.a(MicroBitAccelerometer.cpp.o)
                0x0000000000018ad4                MicroBitAccelerometer::MicroBitAccelerometer(MicroBitI2C&, unsigned short, unsigned short)
                0x0000000000018ad4                MicroBitAccelerometer::MicroBitAccelerometer(MicroBitI2C&, unsigned short, unsigned short)
 .text._ZN21MicroBitAccelerometer12updateSampleEv
                0x0000000000018b68       0x80 ym/microbit-dal/source/microbit-dal.a(MicroBitAccelerometer.cpp.o)
                0x0000000000018b68                MicroBitAccelerometer::updateSample()
 .text._ZN21MicroBitAccelerometer20instantaneousPostureEv
                0x0000000000018be8      0x20c ym/microbit-dal/source/microbit-dal.a(MicroBitAccelerometer.cpp.o)
                0x0000000000018be8                MicroBitAccelerometer::instantaneousPosture()
 .text._ZN14MicroBitButtonD2Ev
                0x0000000000018df4       0x18 ym/microbit-dal/source/microbit-dal.a(MicroBitButton.cpp.o)
                0x0000000000018df4                MicroBitButton::~MicroBitButton()
                0x0000000000018df4                MicroBitButton::~MicroBitButton()
 .text._ZN14MicroBitButton10systemTickEv
                0x0000000000018e0c       0xe0 ym/microbit-dal/source/microbit-dal.a(MicroBitButton.cpp.o)
                0x0000000000018e0c                MicroBitButton::systemTick()
 .text._ZN14MicroBitButtonC2E7PinNamet32MicroBitButtonEventConfiguration7PinMode
                0x0000000000018eec       0x5c ym/microbit-dal/source/microbit-dal.a(MicroBitButton.cpp.o)
                0x0000000000018eec                MicroBitButton::MicroBitButton(PinName, unsigned short, MicroBitButtonEventConfiguration, PinMode)
                0x0000000000018eec                MicroBitButton::MicroBitButton(PinName, unsigned short, MicroBitButtonEventConfiguration, PinMode)
 .text._ZN15MicroBitDisplay15renderGreyscaleEv
                0x0000000000018f48       0xe0 ym/microbit-dal/source/microbit-dal.a(MicroBitDisplay.cpp.o)
                0x0000000000018f48                MicroBitDisplay::renderGreyscale()
 .text._ZN4mbed6TickerD2Ev
                0x0000000000019028       0x1c ym/microbit-dal/source/microbit-dal.a(MicroBitDisplay.cpp.o)
                0x0000000000019028                mbed::Ticker::~Ticker()
                0x0000000000019028                mbed::Ticker::~Ticker()
 .text._ZN15MicroBitDisplayD2Ev
                0x0000000000019044       0x48 ym/microbit-dal/source/microbit-dal.a(MicroBitDisplay.cpp.o)
                0x0000000000019044                MicroBitDisplay::~MicroBitDisplay()
                0x0000000000019044                MicroBitDisplay::~MicroBitDisplay()
 .text._ZN15MicroBitDisplayC2EtRK9MatrixMap
                0x000000000001908c       0xd8 ym/microbit-dal/source/microbit-dal.a(MicroBitDisplay.cpp.o)
                0x000000000001908c                MicroBitDisplay::MicroBitDisplay(unsigned short, MatrixMap const&)
                0x000000000001908c                MicroBitDisplay::MicroBitDisplay(unsigned short, MatrixMap const&)
 .text._ZN15MicroBitDisplay6renderEv
                0x0000000000019164       0xf0 ym/microbit-dal/source/microbit-dal.a(MicroBitDisplay.cpp.o)
                0x0000000000019164                MicroBitDisplay::render()
 .text._ZN15MicroBitDisplay26sendAnimationCompleteEventEv
                0x0000000000019254       0x24 ym/microbit-dal/source/microbit-dal.a(MicroBitDisplay.cpp.o)
                0x0000000000019254                MicroBitDisplay::sendAnimationCompleteEvent()
 .text._ZN15MicroBitDisplay18waitForFreeDisplayEv
                0x0000000000019278       0x20 ym/microbit-dal/source/microbit-dal.a(MicroBitDisplay.cpp.o)
                0x0000000000019278                MicroBitDisplay::waitForFreeDisplay()
 .text._ZN15MicroBitDisplay9fiberWaitEv
                0x0000000000019298       0x2c ym/microbit-dal/source/microbit-dal.a(MicroBitDisplay.cpp.o)
                0x0000000000019298                MicroBitDisplay::fiberWait()
 .text._ZN15MicroBitDisplay14printCharAsyncEci
                0x00000000000192c4       0x50 ym/microbit-dal/source/microbit-dal.a(MicroBitDisplay.cpp.o)
                0x00000000000192c4                MicroBitDisplay::printCharAsync(char, int)
 .text._ZN15MicroBitDisplay10printAsyncE13ManagedStringi
                0x0000000000019314       0x6c ym/microbit-dal/source/microbit-dal.a(MicroBitDisplay.cpp.o)
                0x0000000000019314                MicroBitDisplay::printAsync(ManagedString, int)
 .text._ZN15MicroBitDisplay5printE13ManagedStringi
                0x0000000000019380       0x68 ym/microbit-dal/source/microbit-dal.a(MicroBitDisplay.cpp.o)
                0x0000000000019380                MicroBitDisplay::print(ManagedString, int)
 .text._ZN15MicroBitDisplay11scrollAsyncE13ManagedStringi
                0x00000000000193e8       0x54 ym/microbit-dal/source/microbit-dal.a(MicroBitDisplay.cpp.o)
                0x00000000000193e8                MicroBitDisplay::scrollAsync(ManagedString, int)
 .text._ZN11MicroBitI2C4readEiPcib
                0x000000000001943c       0x94 ym/microbit-dal/source/microbit-dal.a(MicroBitI2C.cpp.o)
                0x000000000001943c                MicroBitI2C::read(int, char*, int, bool)
 .text._ZN11MicroBitI2C5writeEiPKcib
                0x00000000000194d0       0x94 ym/microbit-dal/source/microbit-dal.a(MicroBitI2C.cpp.o)
                0x00000000000194d0                MicroBitI2C::write(int, char const*, int, bool)
 .text._Z14string_reversePc
                0x0000000000019564       0x30 ym/microbit-dal/source/microbit-dal.a(MicroBitCompat.cpp.o)
                0x0000000000019564                string_reverse(char*)
 .text._Z4itoaiPc
                0x0000000000019594       0x68 ym/microbit-dal/source/microbit-dal.a(MicroBitCompat.cpp.o)
                0x0000000000019594                itoa(int, char*)
 .text.NVIC_SystemReset
                0x00000000000195fc       0x18 ym/microbit-dal/source/microbit-dal.a(MicroBitDevice.cpp.o)
 .text._Z14microbit_panici
                0x0000000000019614      0x168 ym/microbit-dal/source/microbit-dal.a(MicroBitDevice.cpp.o)
                0x0000000000019614                microbit_panic(int)
 .text._ZN10EventModel6listenEiiPFv13MicroBitEventEt
                0x000000000001977c       0x60 ym/microbit-dal/source/microbit-dal.a(MicroBitFiber.cpp.o)
                0x000000000001977c                EventModel::listen(int, int, void (*)(MicroBitEvent), unsigned short)
 .text._Z15scheduler_event13MicroBitEvent
                0x00000000000197dc       0xd0 ym/microbit-dal/source/microbit-dal.a(MicroBitFiber.cpp.o)
                0x00000000000197dc                scheduler_event(MicroBitEvent)
 .text._Z15getFiberContextv
                0x00000000000198ac       0x3c ym/microbit-dal/source/microbit-dal.a(MicroBitFiber.cpp.o)
                0x00000000000198ac                getFiberContext()
 .text._Z23fiber_scheduler_runningv
                0x00000000000198e8       0x10 ym/microbit-dal/source/microbit-dal.a(MicroBitFiber.cpp.o)
                0x00000000000198e8                fiber_scheduler_running()
 .text._Z24fiber_add_idle_componentP17MicroBitComponent
                0x00000000000198f8       0x1c ym/microbit-dal/source/microbit-dal.a(MicroBitFiber.cpp.o)
                0x00000000000198f8                fiber_add_idle_component(MicroBitComponent*)
 .text._Z27fiber_remove_idle_componentP17MicroBitComponent
                0x0000000000019914       0x1c ym/microbit-dal/source/microbit-dal.a(MicroBitFiber.cpp.o)
                0x0000000000019914                fiber_remove_idle_component(MicroBitComponent*)
 .text._Z4idlev
                0x0000000000019930       0x2c ym/microbit-dal/source/microbit-dal.a(MicroBitFiber.cpp.o)
                0x0000000000019930                idle()
 .text._Z8schedulev
                0x000000000001995c       0xd0 ym/microbit-dal/source/microbit-dal.a(MicroBitFiber.cpp.o)
                0x000000000001995c                schedule()
 .text._Z19fiber_wake_on_eventtt
                0x0000000000019a2c       0x9c ym/microbit-dal/source/microbit-dal.a(MicroBitFiber.cpp.o)
                0x0000000000019a2c                fiber_wake_on_event(unsigned short, unsigned short)
 .text._ZN12MicroBitFont13getSystemFontEv
                0x0000000000019ac8       0x10 ym/microbit-dal/source/microbit-dal.a(MicroBitFont.cpp.o)
                0x0000000000019ac8                MicroBitFont::getSystemFont()
 .text.startup._GLOBAL__sub_I__ZN12MicroBitFont11defaultFontE
                0x0000000000019ad8       0x18 ym/microbit-dal/source/microbit-dal.a(MicroBitFont.cpp.o)
 .text._Z23system_timer_set_periodi
                0x0000000000019af0       0x48 ym/microbit-dal/source/microbit-dal.a(MicroBitSystemTimer.cpp.o)
                0x0000000000019af0                system_timer_set_period(int)
 .text._Z17system_timer_initi
                0x0000000000019b38       0x54 ym/microbit-dal/source/microbit-dal.a(MicroBitSystemTimer.cpp.o)
                0x0000000000019b38                system_timer_init(int)
 .text._Z23system_timer_get_periodv
                0x0000000000019b8c        0xc ym/microbit-dal/source/microbit-dal.a(MicroBitSystemTimer.cpp.o)
                0x0000000000019b8c                system_timer_get_period()
 .text._Z11update_timev
                0x0000000000019b98       0x44 ym/microbit-dal/source/microbit-dal.a(MicroBitSystemTimer.cpp.o)
                0x0000000000019b98                update_time()
 .text._Z17system_timer_tickv
                0x0000000000019bdc       0x24 ym/microbit-dal/source/microbit-dal.a(MicroBitSystemTimer.cpp.o)
                0x0000000000019bdc                system_timer_tick()
 .text._Z25system_timer_current_timev
                0x0000000000019c00       0x1c ym/microbit-dal/source/microbit-dal.a(MicroBitSystemTimer.cpp.o)
                0x0000000000019c00                system_timer_current_time()
 .text._Z28system_timer_current_time_usv
                0x0000000000019c1c       0x14 ym/microbit-dal/source/microbit-dal.a(MicroBitSystemTimer.cpp.o)
                0x0000000000019c1c                system_timer_current_time_us()
 .text._Z26system_timer_add_componentP17MicroBitComponent
                0x0000000000019c30       0x3c ym/microbit-dal/source/microbit-dal.a(MicroBitSystemTimer.cpp.o)
                0x0000000000019c30                system_timer_add_component(MicroBitComponent*)
 .text._Z29system_timer_remove_componentP17MicroBitComponent
                0x0000000000019c6c       0x1c ym/microbit-dal/source/microbit-dal.a(MicroBitSystemTimer.cpp.o)
                0x0000000000019c6c                system_timer_remove_component(MicroBitComponent*)
 .text._ZN13MicroBitEvent4fireEv
                0x0000000000019c88       0x28 ym/microbit-dal/source/microbit-dal.a(MicroBitEvent.cpp.o)
                0x0000000000019c88                MicroBitEvent::fire()
 .text._ZN13MicroBitImageC2Ev
                0x0000000000019cb0        0xc ym/microbit-dal/source/microbit-dal.a(MicroBitImage.cpp.o)
                0x0000000000019cb0                MicroBitImage::MicroBitImage()
                0x0000000000019cb0                MicroBitImage::MicroBitImage()
 .text._ZN13MicroBitImage10printImageEssPKh
                0x0000000000019cbc       0x5c ym/microbit-dal/source/microbit-dal.a(MicroBitImage.cpp.o)
                0x0000000000019cbc                MicroBitImage::printImage(short, short, unsigned char const*)
 .text._ZN13MicroBitImage4initEssPKh
                0x0000000000019d18       0x4c ym/microbit-dal/source/microbit-dal.a(MicroBitImage.cpp.o)
                0x0000000000019d18                MicroBitImage::init(short, short, unsigned char const*)
 .text._ZN13MicroBitImage5printEcss
                0x0000000000019d64       0x94 ym/microbit-dal/source/microbit-dal.a(MicroBitImage.cpp.o)
                0x0000000000019d64                MicroBitImage::print(char, short, short)
 .text._ZN13MicroBitImage9shiftLeftEs
                0x0000000000019df8       0x54 ym/microbit-dal/source/microbit-dal.a(MicroBitImage.cpp.o)
                0x0000000000019df8                MicroBitImage::shiftLeft(short)
 .text.startup._GLOBAL__sub_I__ZN13MicroBitImage10EmptyImageE
                0x0000000000019e4c       0x28 ym/microbit-dal/source/microbit-dal.a(MicroBitImage.cpp.o)
 .text          0x0000000000019e74      0x124 ym/microbit-dal/source/microbit-dal.a(CortexContextSwitch.s.obj)
                0x0000000000019e74                swap_context
                0x0000000000019ef6                save_context
                0x0000000000019f3a                save_register_context
                0x0000000000019f6a                restore_register_context
 .text._ZN4mbed3I2CC2E7PinNameS1_
                0x0000000000019f98       0x30 ym/mbed-classic/existing/mbed-classic.a(I2C.cpp.o)
                0x0000000000019f98                mbed::I2C::I2C(PinName, PinName)
                0x0000000000019f98                mbed::I2C::I2C(PinName, PinName)
 .text._ZN4mbed3I2C6aquireEv
                0x0000000000019fc8       0x1c ym/mbed-classic/existing/mbed-classic.a(I2C.cpp.o)
                0x0000000000019fc8                mbed::I2C::aquire()
 .text._ZL11init_serialv
                0x0000000000019fe4       0x20 ym/mbed-classic/existing/mbed-classic.a(retarget.cpp.o)
 .text._ZN4mbed10FileHandleD2Ev
                0x000000000001a004       0x2c ym/mbed-classic/existing/mbed-classic.a(retarget.cpp.o)
                0x000000000001a004                mbed::FileHandle::~FileHandle()
                0x000000000001a004                mbed::FileHandle::~FileHandle()
 .text._open    0x000000000001a030       0xd8 ym/mbed-classic/existing/mbed-classic.a(retarget.cpp.o)
                0x000000000001a030                _open
 .text._close   0x000000000001a108       0x2c ym/mbed-classic/existing/mbed-classic.a(retarget.cpp.o)
                0x000000000001a108                _close
 .text._write   0x000000000001a134       0x54 ym/mbed-classic/existing/mbed-classic.a(retarget.cpp.o)
                0x000000000001a134                _write
 .text._read    0x000000000001a188       0x48 ym/mbed-classic/existing/mbed-classic.a(retarget.cpp.o)
                0x000000000001a188                _read
 .text._isatty  0x000000000001a1d0       0x28 ym/mbed-classic/existing/mbed-classic.a(retarget.cpp.o)
                0x000000000001a1d0                _isatty
 .text._lseek   0x000000000001a1f8       0x28 ym/mbed-classic/existing/mbed-classic.a(retarget.cpp.o)
                0x000000000001a1f8                _lseek
 .text._sbrk    0x000000000001a220       0x28 ym/mbed-classic/existing/mbed-classic.a(retarget.cpp.o)
                0x000000000001a220                _sbrk
 .text._ZThn64_N4mbed6Serial5_getcEv
                0x000000000001a248       0x10 ym/mbed-classic/existing/mbed-classic.a(Serial.cpp.o)
                0x000000000001a248                non-virtual thunk to mbed::Serial::_getc()
 .text._ZThn64_N4mbed6Serial5_putcEi
                0x000000000001a258       0x10 ym/mbed-classic/existing/mbed-classic.a(Serial.cpp.o)
                0x000000000001a258                non-virtual thunk to mbed::Serial::_putc(int)
 .text._ZN4mbed6SerialC2E7PinNameS1_PKc
                0x000000000001a268       0x30 ym/mbed-classic/existing/mbed-classic.a(Serial.cpp.o)
                0x000000000001a268                mbed::Serial::Serial(PinName, PinName, char const*)
                0x000000000001a268                mbed::Serial::Serial(PinName, PinName, char const*)
 .text._ZN4mbed10SerialBaseC2E7PinNameS1_
                0x000000000001a298       0x3c ym/mbed-classic/existing/mbed-classic.a(SerialBase.cpp.o)
                0x000000000001a298                mbed::SerialBase::SerialBase(PinName, PinName)
                0x000000000001a298                mbed::SerialBase::SerialBase(PinName, PinName)
 .text._ZN4mbed6StreamC2EPKc
                0x000000000001a2d4       0x44 ym/mbed-classic/existing/mbed-classic.a(Stream.cpp.o)
                0x000000000001a2d4                mbed::Stream::Stream(char const*)
                0x000000000001a2d4                mbed::Stream::Stream(char const*)
 .text._ZN4mbed6StreamD2Ev
                0x000000000001a318       0x24 ym/mbed-classic/existing/mbed-classic.a(Stream.cpp.o)
                0x000000000001a318                mbed::Stream::~Stream()
                0x000000000001a318                mbed::Stream::~Stream()
 .text._ZN4mbed7TimeoutD2Ev
                0x000000000001a33c       0x1c ym/mbed-classic/existing/mbed-classic.a(Timeout.cpp.o)
                0x000000000001a33c                mbed::Timeout::~Timeout()
                0x000000000001a33c                mbed::Timeout::~Timeout()
 .text._ZN4mbed10TimerEventC2Ev
                0x000000000001a358       0x2c ym/mbed-classic/existing/mbed-classic.a(TimerEvent.cpp.o)
                0x000000000001a358                mbed::TimerEvent::TimerEvent()
                0x000000000001a358                mbed::TimerEvent::TimerEvent()
 .text._ZN4mbed10TimerEventD2Ev
                0x000000000001a384       0x18 ym/mbed-classic/existing/mbed-classic.a(TimerEvent.cpp.o)
                0x000000000001a384                mbed::TimerEvent::~TimerEvent()
                0x000000000001a384                mbed::TimerEvent::~TimerEvent()
 .text.get_us_ticker_data
                0x000000000001a39c        0x8 ym/mbed-classic/existing/mbed-classic.a(us_ticker_api.c.o)
                0x000000000001a39c                get_us_ticker_data
 .text.us_ticker_irq_handler
                0x000000000001a3a4       0x10 ym/mbed-classic/existing/mbed-classic.a(us_ticker_api.c.o)
                0x000000000001a3a4                us_ticker_irq_handler
 .text.wait     0x000000000001a3b4       0x18 ym/mbed-classic/existing/mbed-classic.a(wait_api.c.o)
                0x000000000001a3b4                wait
 .text          0x000000000001a3cc       0x48 ym/mbed-classic/existing/mbed-classic.a(startup_NRF51822.S.obj)
                0x000000000001a3cc                Reset_Handler
                0x000000000001a408                NMI_Handler
                0x000000000001a40a                HardFault_Handler
                0x000000000001a40c                SVC_Handler
                0x000000000001a40e                PendSV_Handler
                0x000000000001a410                SysTick_Handler
                0x000000000001a412                LPCOMP_IRQHandler
                0x000000000001a412                SWI4_IRQHandler
                0x000000000001a412                TEMP_IRQHandler
                0x000000000001a412                QDEC_IRQHandler
                0x000000000001a412                SWI5_IRQHandler
                0x000000000001a412                TIMER0_IRQHandler
                0x000000000001a412                SWI0_IRQHandler
                0x000000000001a412                ECB_IRQHandler
                0x000000000001a412                Default_Handler
                0x000000000001a412                ADC_IRQHandler
                0x000000000001a412                SWI3_IRQHandler
                0x000000000001a412                CCM_AAR_IRQHandler
                0x000000000001a412                WDT_IRQHandler
                0x000000000001a412                SWI2_IRQHandler
                0x000000000001a412                RNG_IRQHandler
                0x000000000001a412                SPI1_TWI1_IRQHandler
                0x000000000001a412                RTC1_IRQHandler
                0x000000000001a412                TIMER2_IRQHandler
                0x000000000001a412                SWI1_IRQHandler
                0x000000000001a412                SPI0_TWI0_IRQHandler
                0x000000000001a412                RTC0_IRQHandler
                0x000000000001a412                GPIOTE_IRQHandler
                0x000000000001a412                POWER_CLOCK_IRQHandler
                0x000000000001a412                RADIO_IRQHandler
 .text.gpio_init
                0x000000000001a414       0x30 ym/mbed-classic/existing/mbed-classic.a(gpio_api.c.o)
                0x000000000001a414                gpio_init
 .text.i2c_do_write
                0x000000000001a444       0x28 ym/mbed-classic/existing/mbed-classic.a(i2c_api.c.o)
                0x000000000001a444                i2c_do_write
 .text.i2c_do_read
                0x000000000001a46c       0x3c ym/mbed-classic/existing/mbed-classic.a(i2c_api.c.o)
                0x000000000001a46c                i2c_do_read
 .text.i2c_frequency
                0x000000000001a4a8       0x48 ym/mbed-classic/existing/mbed-classic.a(i2c_api.c.o)
                0x000000000001a4a8                i2c_frequency
 .text.twi_master_init
                0x000000000001a4f0       0x44 ym/mbed-classic/existing/mbed-classic.a(i2c_api.c.o)
                0x000000000001a4f0                twi_master_init
 .text.i2c_init
                0x000000000001a534       0xc4 ym/mbed-classic/existing/mbed-classic.a(i2c_api.c.o)
                0x000000000001a534                i2c_init
 .text.i2c_reset
                0x000000000001a5f8       0x30 ym/mbed-classic/existing/mbed-classic.a(i2c_api.c.o)
                0x000000000001a5f8                i2c_reset
 .text.i2c_stop
                0x000000000001a628       0x34 ym/mbed-classic/existing/mbed-classic.a(i2c_api.c.o)
                0x000000000001a628                i2c_stop
 .text.checkError
                0x000000000001a65c       0x28 ym/mbed-classic/existing/mbed-classic.a(i2c_api.c.o)
                0x000000000001a65c                checkError
 .text.port_init
                0x000000000001a684       0x28 ym/mbed-classic/existing/mbed-classic.a(port_api.c.o)
                0x000000000001a684                port_init
 .text.serial_baud.part.0
                0x000000000001a6ac       0x38 ym/mbed-classic/existing/mbed-classic.a(serial_api.c.o)
 .text.serial_init
                0x000000000001a6e4       0xb8 ym/mbed-classic/existing/mbed-classic.a(serial_api.c.o)
                0x000000000001a6e4                serial_init
 .text.UART0_IRQHandler
                0x000000000001a79c       0x4c ym/mbed-classic/existing/mbed-classic.a(serial_api.c.o)
                0x000000000001a79c                UART0_IRQHandler
 .text.serial_irq_handler
                0x000000000001a7e8       0x18 ym/mbed-classic/existing/mbed-classic.a(serial_api.c.o)
                0x000000000001a7e8                serial_irq_handler
 .text.serial_putc
                0x000000000001a800       0x1c ym/mbed-classic/existing/mbed-classic.a(serial_api.c.o)
                0x000000000001a800                serial_putc
 .text.twi_master_clear_bus
                0x000000000001a81c       0xb4 ym/mbed-classic/existing/mbed-classic.a(twi_master.c.o)
 .text.twi_master_init_and_clear
                0x000000000001a8d0       0x74 ym/mbed-classic/existing/mbed-classic.a(twi_master.c.o)
                0x000000000001a8d0                twi_master_init_and_clear
 .text.tmr1_getCounter64
                0x000000000001a944       0x50 ym/mbed-classic/existing/mbed-classic.a(us_ticker.c.o)
 .text.TIMER1_IRQHandler
                0x000000000001a994       0x50 ym/mbed-classic/existing/mbed-classic.a(us_ticker.c.o)
                0x000000000001a994                TIMER1_IRQHandler
 .text.us_ticker_init
                0x000000000001a9e4       0x8c ym/mbed-classic/existing/mbed-classic.a(us_ticker.c.o)
                0x000000000001a9e4                us_ticker_init
 .text.us_ticker_read
                0x000000000001aa70       0x18 ym/mbed-classic/existing/mbed-classic.a(us_ticker.c.o)
                0x000000000001aa70                us_ticker_read
 .text.us_ticker_set_interrupt
                0x000000000001aa88       0x54 ym/mbed-classic/existing/mbed-classic.a(us_ticker.c.o)
                0x000000000001aa88                us_ticker_set_interrupt
 .text._ZN4mbed8FileLikeC2EPKc
                0x000000000001aadc       0x28 ym/mbed-classic/existing/mbed-classic.a(FileLike.cpp.o)
                0x000000000001aadc                mbed::FileLike::FileLike(char const*)
                0x000000000001aadc                mbed::FileLike::FileLike(char const*)
 .text._ZN4mbed8FileLikeD2Ev
                0x000000000001ab04       0x24 ym/mbed-classic/existing/mbed-classic.a(FileLike.cpp.o)
                0x000000000001ab04                mbed::FileLike::~FileLike()
                0x000000000001ab04                mbed::FileLike::~FileLike()
 .text.SystemInit
                0x000000000001ab28       0xb0 ym/mbed-classic/existing/mbed-classic.a(system_nrf51.c.o)
                0x000000000001ab28                SystemInit
 .text._ZN4mbed8FileBaseD2Ev
                0x000000000001abd8       0x34 ym/mbed-classic/existing/mbed-classic.a(FileBase.cpp.o)
                0x000000000001abd8                mbed::FileBase::~FileBase()
                0x000000000001abd8                mbed::FileBase::~FileBase()
 .text._ZN4mbed8FileBaseC2EPKcNS_8PathTypeE
                0x000000000001ac0c       0x24 ym/mbed-classic/existing/mbed-classic.a(FileBase.cpp.o)
                0x000000000001ac0c                mbed::FileBase::FileBase(char const*, mbed::PathType)
                0x000000000001ac0c                mbed::FileBase::FileBase(char const*, mbed::PathType)
 .text._ZN4mbed8FileBase6lookupEPKcj
                0x000000000001ac30       0x38 ym/mbed-classic/existing/mbed-classic.a(FileBase.cpp.o)
                0x000000000001ac30                mbed::FileBase::lookup(char const*, unsigned int)
 .text          0x000000000001ac68      0x114 /usr/local/Cellar/arm-none-eabi-gcc/5.0-2016-q1-update/bin/../lib/gcc/arm-none-eabi/5.3.1/armv6-m/libgcc.a(_udivsi3.o)
                0x000000000001ac68                __udivsi3
                0x000000000001ac68                __aeabi_uidiv
                0x000000000001ad74                __aeabi_uidivmod
 .text          0x000000000001ad7c      0x1d4 /usr/local/Cellar/arm-none-eabi-gcc/5.0-2016-q1-update/bin/../lib/gcc/arm-none-eabi/5.3.1/armv6-m/libgcc.a(_divsi3.o)
                0x000000000001ad7c                __aeabi_idiv
                0x000000000001ad7c                __divsi3
                0x000000000001af48                __aeabi_idivmod
 .text          0x000000000001af50        0x4 /usr/local/Cellar/arm-none-eabi-gcc/5.0-2016-q1-update/bin/../lib/gcc/arm-none-eabi/5.3.1/armv6-m/libgcc.a(_dvmd_tls.o)
                0x000000000001af50                __aeabi_ldiv0
                0x000000000001af50                __aeabi_idiv0
 .text          0x000000000001af54       0x74 /usr/local/Cellar/arm-none-eabi-gcc/5.0-2016-q1-update/bin/../lib/gcc/arm-none-eabi/5.3.1/armv6-m/libgcc.a(_arm_cmpsf2.o)
                0x000000000001af54                __aeabi_cfrcmple
                0x000000000001af5c                __aeabi_cfcmple
                0x000000000001af5c                __aeabi_cfcmpeq
                0x000000000001af6c                __aeabi_fcmpeq
                0x000000000001af78                __aeabi_fcmplt
                0x000000000001af8c                __aeabi_fcmple
                0x000000000001afa0                __aeabi_fcmpgt
                0x000000000001afb4                __aeabi_fcmpge
 .text          0x000000000001afc8       0x40 /usr/local/Cellar/arm-none-eabi-gcc/5.0-2016-q1-update/bin/../lib/gcc/arm-none-eabi/5.3.1/armv6-m/libgcc.a(_aeabi_uldivmod.o)
                0x000000000001afc8                __aeabi_uldivmod
 .text          0x000000000001b008      0x180 /usr/local/Cellar/arm-none-eabi-gcc/5.0-2016-q1-update/bin/../lib/gcc/arm-none-eabi/5.3.1/armv6-m/libgcc.a(_udivmoddi4.o)
                0x000000000001b008                __udivmoddi4
 .text          0x000000000001b188      0x234 /usr/local/Cellar/arm-none-eabi-gcc/5.0-2016-q1-update/bin/../lib/gcc/arm-none-eabi/5.3.1/armv6-m/libgcc.a(divsf3.o)
                0x000000000001b188                __aeabi_fdiv
 .text          0x000000000001b3bc       0x50 /usr/local/Cellar/arm-none-eabi-gcc/5.0-2016-q1-update/bin/../lib/gcc/arm-none-eabi/5.3.1/armv6-m/libgcc.a(eqsf2.o)
                0x000000000001b3bc                __nesf2
                0x000000000001b3bc                __eqsf2
 .text          0x000000000001b40c       0x88 /usr/local/Cellar/arm-none-eabi-gcc/5.0-2016-q1-update/bin/../lib/gcc/arm-none-eabi/5.3.1/armv6-m/libgcc.a(gesf2.o)
                0x000000000001b40c                __gtsf2
                0x000000000001b40c                __gesf2
 .text          0x000000000001b494       0x88 /usr/local/Cellar/arm-none-eabi-gcc/5.0-2016-q1-update/bin/../lib/gcc/arm-none-eabi/5.3.1/armv6-m/libgcc.a(lesf2.o)
                0x000000000001b494                __lesf2
                0x000000000001b494                __ltsf2
 .text          0x000000000001b51c      0x228 /usr/local/Cellar/arm-none-eabi-gcc/5.0-2016-q1-update/bin/../lib/gcc/arm-none-eabi/5.3.1/armv6-m/libgcc.a(mulsf3.o)
                0x000000000001b51c                __aeabi_fmul
 .text          0x000000000001b744      0x30c /usr/local/Cellar/arm-none-eabi-gcc/5.0-2016-q1-update/bin/../lib/gcc/arm-none-eabi/5.3.1/armv6-m/libgcc.a(subsf3.o)
                0x000000000001b744                __aeabi_fsub
 .text          0x000000000001ba50       0x44 /usr/local/Cellar/arm-none-eabi-gcc/5.0-2016-q1-update/bin/../lib/gcc/arm-none-eabi/5.3.1/armv6-m/libgcc.a(fixsfsi.o)
                0x000000000001ba50                __aeabi_f2iz
 .text          0x000000000001ba94       0x90 /usr/local/Cellar/arm-none-eabi-gcc/5.0-2016-q1-update/bin/../lib/gcc/arm-none-eabi/5.3.1/armv6-m/libgcc.a(floatsisf.o)
                0x000000000001ba94                __aeabi_i2f
 .text          0x000000000001bb24       0x7c /usr/local/Cellar/arm-none-eabi-gcc/5.0-2016-q1-update/bin/../lib/gcc/arm-none-eabi/5.3.1/armv6-m/libgcc.a(floatunsisf.o)
                0x000000000001bb24                __aeabi_ui2f
 .text          0x000000000001bba0      0x62c /usr/local/Cellar/arm-none-eabi-gcc/5.0-2016-q1-update/bin/../lib/gcc/arm-none-eabi/5.3.1/armv6-m/libgcc.a(divdf3.o)
                0x000000000001bba0                __aeabi_ddiv
 .text          0x000000000001c1cc      0x4f4 /usr/local/Cellar/arm-none-eabi-gcc/5.0-2016-q1-update/bin/../lib/gcc/arm-none-eabi/5.3.1/armv6-m/libgcc.a(muldf3.o)
                0x000000000001c1cc                __aeabi_dmul
 .text          0x000000000001c6c0       0x6c /usr/local/Cellar/arm-none-eabi-gcc/5.0-2016-q1-update/bin/../lib/gcc/arm-none-eabi/5.3.1/armv6-m/libgcc.a(fixdfsi.o)
                0x000000000001c6c0                __aeabi_d2iz
 .text          0x000000000001c72c       0xa8 /usr/local/Cellar/arm-none-eabi-gcc/5.0-2016-q1-update/bin/../lib/gcc/arm-none-eabi/5.3.1/armv6-m/libgcc.a(extendsfdf2.o)
                0x000000000001c72c                __aeabi_f2d
 .text          0x000000000001c7d4       0x3c /usr/local/Cellar/arm-none-eabi-gcc/5.0-2016-q1-update/bin/../lib/gcc/arm-none-eabi/5.3.1/armv6-m/libgcc.a(_clzsi2.o)
                0x000000000001c7d4                __clzsi2
 .text          0x000000000001c810       0x18 /usr/local/Cellar/arm-none-eabi-gcc/5.0-2016-q1-update/bin/../lib/gcc/arm-none-eabi/5.3.1/armv6-m/libgcc.a(_clzdi2.o)
                0x000000000001c810                __clzdi2
 .text.__cxa_atexit
                0x000000000001c828       0x1c /usr/local/Cellar/arm-none-eabi-gcc/5.0-2016-q1-update/bin/../lib/gcc/arm-none-eabi/5.3.1/../../../../arm-none-eabi/lib/armv6-m/libc_nano.a(lib_a-cxa_atexit.o)
                0x000000000001c828                __cxa_atexit
 .text.__errno  0x000000000001c844        0xc /usr/local/Cellar/arm-none-eabi-gcc/5.0-2016-q1-update/bin/../lib/gcc/arm-none-eabi/5.3.1/../../../../arm-none-eabi/lib/armv6-m/libc_nano.a(lib_a-errno.o)
                0x000000000001c844                __errno
 .text.exit     0x000000000001c850       0x2c /usr/local/Cellar/arm-none-eabi-gcc/5.0-2016-q1-update/bin/../lib/gcc/arm-none-eabi/5.3.1/../../../../arm-none-eabi/lib/armv6-m/libc_nano.a(lib_a-exit.o)
                0x000000000001c850                exit
 .text._fclose_r
                0x000000000001c87c       0xb0 /usr/local/Cellar/arm-none-eabi-gcc/5.0-2016-q1-update/bin/../lib/gcc/arm-none-eabi/5.3.1/../../../../arm-none-eabi/lib/armv6-m/libc_nano.a(lib_a-fclose.o)
                0x000000000001c87c                _fclose_r
 .text.fclose   0x000000000001c92c       0x14 /usr/local/Cellar/arm-none-eabi-gcc/5.0-2016-q1-update/bin/../lib/gcc/arm-none-eabi/5.3.1/../../../../arm-none-eabi/lib/armv6-m/libc_nano.a(lib_a-fclose.o)
                0x000000000001c92c                fclose
 .text.__sflush_r
                0x000000000001c940      0x10c /usr/local/Cellar/arm-none-eabi-gcc/5.0-2016-q1-update/bin/../lib/gcc/arm-none-eabi/5.3.1/../../../../arm-none-eabi/lib/armv6-m/libc_nano.a(lib_a-fflush.o)
                0x000000000001c940                __sflush_r
 .text._fflush_r
                0x000000000001ca4c       0x58 /usr/local/Cellar/arm-none-eabi-gcc/5.0-2016-q1-update/bin/../lib/gcc/arm-none-eabi/5.3.1/../../../../arm-none-eabi/lib/armv6-m/libc_nano.a(lib_a-fflush.o)
                0x000000000001ca4c                _fflush_r
 .text._cleanup_r
                0x000000000001caa4       0x10 /usr/local/Cellar/arm-none-eabi-gcc/5.0-2016-q1-update/bin/../lib/gcc/arm-none-eabi/5.3.1/../../../../arm-none-eabi/lib/armv6-m/libc_nano.a(lib_a-findfp.o)
                0x000000000001caa4                _cleanup_r
 .text.std.isra.0
                0x000000000001cab4       0x48 /usr/local/Cellar/arm-none-eabi-gcc/5.0-2016-q1-update/bin/../lib/gcc/arm-none-eabi/5.3.1/../../../../arm-none-eabi/lib/armv6-m/libc_nano.a(lib_a-findfp.o)
 .text.__sinit  0x000000000001cafc       0x68 /usr/local/Cellar/arm-none-eabi-gcc/5.0-2016-q1-update/bin/../lib/gcc/arm-none-eabi/5.3.1/../../../../arm-none-eabi/lib/armv6-m/libc_nano.a(lib_a-findfp.o)
                0x000000000001cafc                __sinit
 .text.__sfp    0x000000000001cb64       0x7c /usr/local/Cellar/arm-none-eabi-gcc/5.0-2016-q1-update/bin/../lib/gcc/arm-none-eabi/5.3.1/../../../../arm-none-eabi/lib/armv6-m/libc_nano.a(lib_a-findfp.o)
                0x000000000001cb64                __sfp
 .text._fopen_r
                0x000000000001cbe0       0x7c /usr/local/Cellar/arm-none-eabi-gcc/5.0-2016-q1-update/bin/../lib/gcc/arm-none-eabi/5.3.1/../../../../arm-none-eabi/lib/armv6-m/libc_nano.a(lib_a-fopen.o)
                0x000000000001cbe0                _fopen_r
 .text.fopen    0x000000000001cc5c       0x14 /usr/local/Cellar/arm-none-eabi-gcc/5.0-2016-q1-update/bin/../lib/gcc/arm-none-eabi/5.3.1/../../../../arm-none-eabi/lib/armv6-m/libc_nano.a(lib_a-fopen.o)
                0x000000000001cc5c                fopen
 .text._fseeko_r
                0x000000000001cc70      0x130 /usr/local/Cellar/arm-none-eabi-gcc/5.0-2016-q1-update/bin/../lib/gcc/arm-none-eabi/5.3.1/../../../../arm-none-eabi/lib/armv6-m/libc_nano.a(lib_a-fseeko.o)
                0x000000000001cc70                _fseeko_r
 .text.__libc_init_array
                0x000000000001cda0       0x4c /usr/local/Cellar/arm-none-eabi-gcc/5.0-2016-q1-update/bin/../lib/gcc/arm-none-eabi/5.3.1/../../../../arm-none-eabi/lib/armv6-m/libc_nano.a(lib_a-init.o)
                0x000000000001cda0                __libc_init_array
 .text.__swhatbuf_r
                0x000000000001cdec       0x4c /usr/local/Cellar/arm-none-eabi-gcc/5.0-2016-q1-update/bin/../lib/gcc/arm-none-eabi/5.3.1/../../../../arm-none-eabi/lib/armv6-m/libc_nano.a(lib_a-makebuf.o)
                0x000000000001cdec                __swhatbuf_r
 .text.__smakebuf_r
                0x000000000001ce38       0x7c /usr/local/Cellar/arm-none-eabi-gcc/5.0-2016-q1-update/bin/../lib/gcc/arm-none-eabi/5.3.1/../../../../arm-none-eabi/lib/armv6-m/libc_nano.a(lib_a-makebuf.o)
                0x000000000001ce38                __smakebuf_r
 .text.malloc   0x000000000001ceb4       0x14 /usr/local/Cellar/arm-none-eabi-gcc/5.0-2016-q1-update/bin/../lib/gcc/arm-none-eabi/5.3.1/../../../../arm-none-eabi/lib/armv6-m/libc_nano.a(lib_a-malloc.o)
                0x000000000001ceb4                malloc
 .text.free     0x000000000001cec8       0x14 /usr/local/Cellar/arm-none-eabi-gcc/5.0-2016-q1-update/bin/../lib/gcc/arm-none-eabi/5.3.1/../../../../arm-none-eabi/lib/armv6-m/libc_nano.a(lib_a-malloc.o)
                0x000000000001cec8                free
 .text._free_r  0x000000000001cedc       0x8c /usr/local/Cellar/arm-none-eabi-gcc/5.0-2016-q1-update/bin/../lib/gcc/arm-none-eabi/5.3.1/../../../../arm-none-eabi/lib/armv6-m/libc_nano.a(lib_a-nano-freer.o)
                0x000000000001cedc                _free_r
 .text._malloc_r
                0x000000000001cf68       0xac /usr/local/Cellar/arm-none-eabi-gcc/5.0-2016-q1-update/bin/../lib/gcc/arm-none-eabi/5.3.1/../../../../arm-none-eabi/lib/armv6-m/libc_nano.a(lib_a-nano-mallocr.o)
                0x000000000001cf68                _malloc_r
 .text._printf_i
                0x000000000001d014      0x244 /usr/local/Cellar/arm-none-eabi-gcc/5.0-2016-q1-update/bin/../lib/gcc/arm-none-eabi/5.3.1/../../../../arm-none-eabi/lib/armv6-m/libc_nano.a(lib_a-nano-vfprintf_i.o)
                0x000000000001d014                _printf_i
 .text._scanf_chars
                0x000000000001d258       0xc4 /usr/local/Cellar/arm-none-eabi-gcc/5.0-2016-q1-update/bin/../lib/gcc/arm-none-eabi/5.3.1/../../../../arm-none-eabi/lib/armv6-m/libc_nano.a(lib_a-nano-vfscanf_i.o)
                0x000000000001d258                _scanf_chars
 .text._scanf_i
                0x000000000001d31c      0x200 /usr/local/Cellar/arm-none-eabi-gcc/5.0-2016-q1-update/bin/../lib/gcc/arm-none-eabi/5.3.1/../../../../arm-none-eabi/lib/armv6-m/libc_nano.a(lib_a-nano-vfscanf_i.o)
                0x000000000001d31c                _scanf_i
 .text._open_r  0x000000000001d51c       0x28 /usr/local/Cellar/arm-none-eabi-gcc/5.0-2016-q1-update/bin/../lib/gcc/arm-none-eabi/5.3.1/../../../../arm-none-eabi/lib/armv6-m/libc_nano.a(lib_a-openr.o)
                0x000000000001d51c                _open_r
 .text._sbrk_r  0x000000000001d544       0x24 /usr/local/Cellar/arm-none-eabi-gcc/5.0-2016-q1-update/bin/../lib/gcc/arm-none-eabi/5.3.1/../../../../arm-none-eabi/lib/armv6-m/libc_nano.a(lib_a-sbrkr.o)
                0x000000000001d544                _sbrk_r
 .text.setvbuf  0x000000000001d568      0x160 /usr/local/Cellar/arm-none-eabi-gcc/5.0-2016-q1-update/bin/../lib/gcc/arm-none-eabi/5.3.1/../../../../arm-none-eabi/lib/armv6-m/libc_nano.a(lib_a-setvbuf.o)
                0x000000000001d568                setvbuf
 .text.sprintf  0x000000000001d6c8       0x44 /usr/local/Cellar/arm-none-eabi-gcc/5.0-2016-q1-update/bin/../lib/gcc/arm-none-eabi/5.3.1/../../../../arm-none-eabi/lib/armv6-m/libc_nano.a(lib_a-sprintf.o)
                0x000000000001d6c8                sprintf
                0x000000000001d6c8                siprintf
 .text.sscanf   0x000000000001d70c       0x50 /usr/local/Cellar/arm-none-eabi-gcc/5.0-2016-q1-update/bin/../lib/gcc/arm-none-eabi/5.3.1/../../../../arm-none-eabi/lib/armv6-m/libc_nano.a(lib_a-sscanf.o)
                0x000000000001d70c                sscanf
                0x000000000001d70c                siscanf
 .text.__sread  0x000000000001d75c       0x28 /usr/local/Cellar/arm-none-eabi-gcc/5.0-2016-q1-update/bin/../lib/gcc/arm-none-eabi/5.3.1/../../../../arm-none-eabi/lib/armv6-m/libc_nano.a(lib_a-stdio.o)
                0x000000000001d75c                __sread
 .text.__swrite
                0x000000000001d784       0x38 /usr/local/Cellar/arm-none-eabi-gcc/5.0-2016-q1-update/bin/../lib/gcc/arm-none-eabi/5.3.1/../../../../arm-none-eabi/lib/armv6-m/libc_nano.a(lib_a-stdio.o)
                0x000000000001d784                __swrite
 .text.__sseek  0x000000000001d7bc       0x2c /usr/local/Cellar/arm-none-eabi-gcc/5.0-2016-q1-update/bin/../lib/gcc/arm-none-eabi/5.3.1/../../../../arm-none-eabi/lib/armv6-m/libc_nano.a(lib_a-stdio.o)
                0x000000000001d7bc                __sseek
 .text._strtol_r
                0x000000000001d7e8      0x124 /usr/local/Cellar/arm-none-eabi-gcc/5.0-2016-q1-update/bin/../lib/gcc/arm-none-eabi/5.3.1/../../../../arm-none-eabi/lib/armv6-m/libc_nano.a(lib_a-strtol.o)
                0x000000000001d7e8                _strtol_r
 .text._strtoul_r
                0x000000000001d90c      0x108 /usr/local/Cellar/arm-none-eabi-gcc/5.0-2016-q1-update/bin/../lib/gcc/arm-none-eabi/5.3.1/../../../../arm-none-eabi/lib/armv6-m/libc_nano.a(lib_a-strtoul.o)
                0x000000000001d90c                _strtoul_r
 .text.__submore
                0x000000000001da14       0x7c /usr/local/Cellar/arm-none-eabi-gcc/5.0-2016-q1-update/bin/../lib/gcc/arm-none-eabi/5.3.1/../../../../arm-none-eabi/lib/armv6-m/libc_nano.a(lib_a-ungetc.o)
                0x000000000001da14                __submore
 .text._write_r
                0x000000000001da90       0x28 /usr/local/Cellar/arm-none-eabi-gcc/5.0-2016-q1-update/bin/../lib/gcc/arm-none-eabi/5.3.1/../../../../arm-none-eabi/lib/armv6-m/libc_nano.a(lib_a-writer.o)
                0x000000000001da90                _write_r
 .text._close_r
                0x000000000001dab8       0x24 /usr/local/Cellar/arm-none-eabi-gcc/5.0-2016-q1-update/bin/../lib/gcc/arm-none-eabi/5.3.1/../../../../arm-none-eabi/lib/armv6-m/libc_nano.a(lib_a-closer.o)
                0x000000000001dab8                _close_r
 .text._fstat_r
                0x000000000001dadc       0x24 /usr/local/Cellar/arm-none-eabi-gcc/5.0-2016-q1-update/bin/../lib/gcc/arm-none-eabi/5.3.1/../../../../arm-none-eabi/lib/armv6-m/libc_nano.a(lib_a-fstatr.o)
                0x000000000001dadc                _fstat_r
 .text._isatty_r
                0x000000000001db00       0x24 /usr/local/Cellar/arm-none-eabi-gcc/5.0-2016-q1-update/bin/../lib/gcc/arm-none-eabi/5.3.1/../../../../arm-none-eabi/lib/armv6-m/libc_nano.a(lib_a-isattyr.o)
                0x000000000001db00                _isatty_r
 .text._lseek_r
                0x000000000001db24       0x28 /usr/local/Cellar/arm-none-eabi-gcc/5.0-2016-q1-update/bin/../lib/gcc/arm-none-eabi/5.3.1/../../../../arm-none-eabi/lib/armv6-m/libc_nano.a(lib_a-lseekr.o)
                0x000000000001db24                _lseek_r
 .text.__ssputs_r
                0x000000000001db4c       0xc4 /usr/local/Cellar/arm-none-eabi-gcc/5.0-2016-q1-update/bin/../lib/gcc/arm-none-eabi/5.3.1/../../../../arm-none-eabi/lib/armv6-m/libc_nano.a(lib_a-nano-svfprintf.o)
                0x000000000001db4c                __ssputs_r
 .text._svfprintf_r
                0x000000000001dc10      0x1fc /usr/local/Cellar/arm-none-eabi-gcc/5.0-2016-q1-update/bin/../lib/gcc/arm-none-eabi/5.3.1/../../../../arm-none-eabi/lib/armv6-m/libc_nano.a(lib_a-nano-svfprintf.o)
                0x000000000001dc10                _svfprintf_r
                0x000000000001dc10                _svfiprintf_r
 .text.__ssvfscanf_r
                0x000000000001de0c      0x2fc /usr/local/Cellar/arm-none-eabi-gcc/5.0-2016-q1-update/bin/../lib/gcc/arm-none-eabi/5.3.1/../../../../arm-none-eabi/lib/armv6-m/libc_nano.a(lib_a-nano-svfscanf.o)
                0x000000000001de0c                __ssvfscanf_r
                0x000000000001de0c                __ssvfiscanf_r
 .text._read_r  0x000000000001e108       0x28 /usr/local/Cellar/arm-none-eabi-gcc/5.0-2016-q1-update/bin/../lib/gcc/arm-none-eabi/5.3.1/../../../../arm-none-eabi/lib/armv6-m/libc_nano.a(lib_a-readr.o)
                0x000000000001e108                _read_r
 .text._ZN4mbed10SerialBaseD2Ev
                0x000000000001e130        0x2 source/CMakeFiles/dancing-lady.dir/Users/emorgan/GitHub/dancing_lady/source/main.cpp.o
                0x000000000001e130                mbed::SerialBase::~SerialBase()
                0x000000000001e130                mbed::SerialBase::~SerialBase()
 .text._ZN4mbed10SerialBaseD0Ev
                0x000000000001e132        0xc source/CMakeFiles/dancing-lady.dir/Users/emorgan/GitHub/dancing_lady/source/main.cpp.o
                0x000000000001e132                mbed::SerialBase::~SerialBase()
 .text._Z14neopixel_clearP17_neopixel_strip_t
                0x000000000001e13e       0x2c ym/ubit-neopixel/source/ubit-neopixel.a(uBit_neopixel.cpp.o)
                0x000000000001e13e                neopixel_clear(_neopixel_strip_t*)
 .text._Z18neopixel_set_colorP17_neopixel_strip_tthhh
                0x000000000001e16a       0x28 ym/ubit-neopixel/source/ubit-neopixel.a(uBit_neopixel.cpp.o)
                0x000000000001e16a                neopixel_set_color(_neopixel_strip_t*, unsigned short, unsigned char, unsigned char, unsigned char)
 .text._Z15microbit_mallocjR14HeapDefinition
                0x000000000001e192       0x82 ym/microbit-dal/source/microbit-dal.a(MicroBitHeapAllocator.cpp.o)
                0x000000000001e192                microbit_malloc(unsigned int, HeapDefinition&)
 .text._ZN13ManagedStringD2Ev
                0x000000000001e214        0xe ym/microbit-dal/source/microbit-dal.a(ManagedString.cpp.o)
                0x000000000001e214                ManagedString::~ManagedString()
                0x000000000001e214                ManagedString::~ManagedString()
 .text._ZN13ManagedString10initStringEPKc
                0x000000000001e222       0x2a ym/microbit-dal/source/microbit-dal.a(ManagedString.cpp.o)
                0x000000000001e222                ManagedString::initString(char const*)
 .text._ZN13ManagedStringC2Ei
                0x000000000001e24c       0x1a ym/microbit-dal/source/microbit-dal.a(ManagedString.cpp.o)
                0x000000000001e24c                ManagedString::ManagedString(int)
                0x000000000001e24c                ManagedString::ManagedString(int)
 .text._ZN13ManagedStringC2ERKS_
                0x000000000001e266       0x10 ym/microbit-dal/source/microbit-dal.a(ManagedString.cpp.o)
                0x000000000001e266                ManagedString::ManagedString(ManagedString const&)
                0x000000000001e266                ManagedString::ManagedString(ManagedString const&)
 .text._ZN13ManagedStringaSERKS_
                0x000000000001e276       0x1e ym/microbit-dal/source/microbit-dal.a(ManagedString.cpp.o)
                0x000000000001e276                ManagedString::operator=(ManagedString const&)
 .text._ZN13ManagedString6charAtEs
                0x000000000001e294       0x1a ym/microbit-dal/source/microbit-dal.a(ManagedString.cpp.o)
                0x000000000001e294                ManagedString::charAt(short)
 .text._ZN12PacketBufferD2Ev
                0x000000000001e2ae        0xe ym/microbit-dal/source/microbit-dal.a(PacketBuffer.cpp.o)
                0x000000000001e2ae                PacketBuffer::~PacketBuffer()
                0x000000000001e2ae                PacketBuffer::~PacketBuffer()
 .text._ZN12PacketBuffer4initEPhii
                0x000000000001e2bc       0x32 ym/microbit-dal/source/microbit-dal.a(PacketBuffer.cpp.o)
                0x000000000001e2bc                PacketBuffer::init(unsigned char*, int, int)
 .text._ZN12PacketBufferC2Ei
                0x000000000001e2ee       0x12 ym/microbit-dal/source/microbit-dal.a(PacketBuffer.cpp.o)
                0x000000000001e2ee                PacketBuffer::PacketBuffer(int)
                0x000000000001e2ee                PacketBuffer::PacketBuffer(int)
 .text._ZN10RefCounted4initEv
                0x000000000001e300        0x6 ym/microbit-dal/source/microbit-dal.a(RefCounted.cpp.o)
                0x000000000001e300                RefCounted::init()
 .text._ZN10RefCounted4incrEv
                0x000000000001e306       0x14 ym/microbit-dal/source/microbit-dal.a(RefCounted.cpp.o)
                0x000000000001e306                RefCounted::incr()
 .text._ZN10RefCounted4decrEv
                0x000000000001e31a       0x20 ym/microbit-dal/source/microbit-dal.a(RefCounted.cpp.o)
                0x000000000001e31a                RefCounted::decr()
 .text._ZN17MicroBitComponent10systemTickEv
                0x000000000001e33a        0x2 ym/microbit-dal/source/microbit-dal.a(MicroBitAccelerometer.cpp.o)
                0x000000000001e33a                MicroBitComponent::systemTick()
 .text._ZN17MicroBitComponent8idleTickEv
                0x000000000001e33c        0x2 ym/microbit-dal/source/microbit-dal.a(MicroBitAccelerometer.cpp.o)
                0x000000000001e33c                MicroBitComponent::idleTick()
 .text._ZN21MicroBitAccelerometerD0Ev
                0x000000000001e33e       0x12 ym/microbit-dal/source/microbit-dal.a(MicroBitAccelerometer.cpp.o)
                0x000000000001e33e                MicroBitAccelerometer::~MicroBitAccelerometer()
 .text._ZN21MicroBitAccelerometer12writeCommandEhh
                0x000000000001e350       0x1c ym/microbit-dal/source/microbit-dal.a(MicroBitAccelerometer.cpp.o)
                0x000000000001e350                MicroBitAccelerometer::writeCommand(unsigned char, unsigned char)
 .text._ZN21MicroBitAccelerometer13updateGestureEv
                0x000000000001e36c       0xd6 ym/microbit-dal/source/microbit-dal.a(MicroBitAccelerometer.cpp.o)
                0x000000000001e36c                MicroBitAccelerometer::updateGesture()
 .text._ZN21MicroBitAccelerometer32instantaneousAccelerationSquaredEv
                0x000000000001e442       0x20 ym/microbit-dal/source/microbit-dal.a(MicroBitAccelerometer.cpp.o)
                0x000000000001e442                MicroBitAccelerometer::instantaneousAccelerationSquared()
 .text._ZN21MicroBitAccelerometer8idleTickEv
                0x000000000001e462        0x8 ym/microbit-dal/source/microbit-dal.a(MicroBitAccelerometer.cpp.o)
                0x000000000001e462                MicroBitAccelerometer::idleTick()
 .text._ZN21MicroBitAccelerometer9setPeriodEi
                0x000000000001e46a        0xa ym/microbit-dal/source/microbit-dal.a(MicroBitAccelerometer.cpp.o)
                0x000000000001e46a                MicroBitAccelerometer::setPeriod(int)
 .text._ZN21MicroBitAccelerometer4getXE24MicroBitCoordinateSystem
                0x000000000001e474       0x26 ym/microbit-dal/source/microbit-dal.a(MicroBitAccelerometer.cpp.o)
                0x000000000001e474                MicroBitAccelerometer::getX(MicroBitCoordinateSystem)
 .text._ZN21MicroBitAccelerometer4getYE24MicroBitCoordinateSystem
                0x000000000001e49a       0x26 ym/microbit-dal/source/microbit-dal.a(MicroBitAccelerometer.cpp.o)
                0x000000000001e49a                MicroBitAccelerometer::getY(MicroBitCoordinateSystem)
 .text._ZN21MicroBitAccelerometer4getZE24MicroBitCoordinateSystem
                0x000000000001e4c0       0x18 ym/microbit-dal/source/microbit-dal.a(MicroBitAccelerometer.cpp.o)
                0x000000000001e4c0                MicroBitAccelerometer::getZ(MicroBitCoordinateSystem)
 .text._ZN14MicroBitButtonD0Ev
                0x000000000001e4d8       0x12 ym/microbit-dal/source/microbit-dal.a(MicroBitButton.cpp.o)
                0x000000000001e4d8                MicroBitButton::~MicroBitButton()
 .text._ZN14MicroBitButton9isPressedEv
                0x000000000001e4ea        0x8 ym/microbit-dal/source/microbit-dal.a(MicroBitButton.cpp.o)
                0x000000000001e4ea                MicroBitButton::isPressed()
 .text._ZN4mbed19FunctionPointerArg1IvvE12membercallerI15MicroBitDisplayEEvPvPj
                0x000000000001e4f2       0x14 ym/microbit-dal/source/microbit-dal.a(MicroBitDisplay.cpp.o)
                0x000000000001e4f2                void mbed::FunctionPointerArg1<void, void>::membercaller<MicroBitDisplay>(void*, unsigned int*)
 .text._ZN15MicroBitDisplay12renderFinishEv
                0x000000000001e506        0xc ym/microbit-dal/source/microbit-dal.a(MicroBitDisplay.cpp.o)
                0x000000000001e506                MicroBitDisplay::renderFinish()
 .text._ZN15MicroBitDisplayD0Ev
                0x000000000001e512       0x12 ym/microbit-dal/source/microbit-dal.a(MicroBitDisplay.cpp.o)
                0x000000000001e512                MicroBitDisplay::~MicroBitDisplay()
 .text._ZN4mbed6TickerD0Ev
                0x000000000001e524       0x12 ym/microbit-dal/source/microbit-dal.a(MicroBitDisplay.cpp.o)
                0x000000000001e524                mbed::Ticker::~Ticker()
 .text._ZN15MicroBitDisplay16updateScrollTextEv
                0x000000000001e536       0x72 ym/microbit-dal/source/microbit-dal.a(MicroBitDisplay.cpp.o)
                0x000000000001e536                MicroBitDisplay::updateScrollText()
 .text._ZN15MicroBitDisplay15updatePrintTextEv
                0x000000000001e5a8       0x50 ym/microbit-dal/source/microbit-dal.a(MicroBitDisplay.cpp.o)
                0x000000000001e5a8                MicroBitDisplay::updatePrintText()
 .text._ZN15MicroBitDisplay17updateScrollImageEv
                0x000000000001e5f8       0x5c ym/microbit-dal/source/microbit-dal.a(MicroBitDisplay.cpp.o)
                0x000000000001e5f8                MicroBitDisplay::updateScrollImage()
 .text._ZN15MicroBitDisplay18updateAnimateImageEv
                0x000000000001e654       0x98 ym/microbit-dal/source/microbit-dal.a(MicroBitDisplay.cpp.o)
                0x000000000001e654                MicroBitDisplay::updateAnimateImage()
 .text._ZN15MicroBitDisplay15animationUpdateEv
                0x000000000001e6ec       0x78 ym/microbit-dal/source/microbit-dal.a(MicroBitDisplay.cpp.o)
                0x000000000001e6ec                MicroBitDisplay::animationUpdate()
 .text._ZN15MicroBitDisplay20renderWithLightSenseEv
                0x000000000001e764       0x32 ym/microbit-dal/source/microbit-dal.a(MicroBitDisplay.cpp.o)
                0x000000000001e764                MicroBitDisplay::renderWithLightSense()
 .text._ZN15MicroBitDisplay10systemTickEv
                0x000000000001e796       0x4e ym/microbit-dal/source/microbit-dal.a(MicroBitDisplay.cpp.o)
                0x000000000001e796                MicroBitDisplay::systemTick()
 .text._ZN15MicroBitDisplay5clearEv
                0x000000000001e7e4        0xa ym/microbit-dal/source/microbit-dal.a(MicroBitDisplay.cpp.o)
                0x000000000001e7e4                MicroBitDisplay::clear()
 .text._ZN11MicroBitI2CC2E7PinNameS0_
                0x000000000001e7ee       0x10 ym/microbit-dal/source/microbit-dal.a(MicroBitI2C.cpp.o)
                0x000000000001e7ee                MicroBitI2C::MicroBitI2C(PinName, PinName)
                0x000000000001e7ee                MicroBitI2C::MicroBitI2C(PinName, PinName)
 .text._Z11queue_fiberP5FiberPS0_
                0x000000000001e7fe       0x26 ym/microbit-dal/source/microbit-dal.a(MicroBitFiber.cpp.o)
                0x000000000001e7fe                queue_fiber(Fiber*, Fiber**)
 .text._Z13dequeue_fiberP5Fiber
                0x000000000001e824       0x2e ym/microbit-dal/source/microbit-dal.a(MicroBitFiber.cpp.o)
                0x000000000001e824                dequeue_fiber(Fiber*)
 .text._Z17verify_stack_sizeP5Fiber
                0x000000000001e852       0x32 ym/microbit-dal/source/microbit-dal.a(MicroBitFiber.cpp.o)
                0x000000000001e852                verify_stack_size(Fiber*)
 .text._Z20fiber_wait_for_eventtt
                0x000000000001e884       0x12 ym/microbit-dal/source/microbit-dal.a(MicroBitFiber.cpp.o)
                0x000000000001e884                fiber_wait_for_event(unsigned short, unsigned short)
 .text._Z9idle_taskv
                0x000000000001e896        0xc ym/microbit-dal/source/microbit-dal.a(MicroBitFiber.cpp.o)
                0x000000000001e896                idle_task()
 .text._ZN16MicroBitListenerC2EttPFv13MicroBitEventEt
                0x000000000001e8a2       0x2e ym/microbit-dal/source/microbit-dal.a(MicroBitListener.cpp.o)
                0x000000000001e8a2                MicroBitListener::MicroBitListener(unsigned short, unsigned short, void (*)(MicroBitEvent), unsigned short)
                0x000000000001e8a2                MicroBitListener::MicroBitListener(unsigned short, unsigned short, void (*)(MicroBitEvent), unsigned short)
 .text._ZN16MicroBitListenerD2Ev
                0x000000000001e8d0       0x14 ym/microbit-dal/source/microbit-dal.a(MicroBitListener.cpp.o)
                0x000000000001e8d0                MicroBitListener::~MicroBitListener()
                0x000000000001e8d0                MicroBitListener::~MicroBitListener()
 .text._ZN13MicroBitEventC2Ev
                0x000000000001e8e4       0x16 ym/microbit-dal/source/microbit-dal.a(MicroBitEvent.cpp.o)
                0x000000000001e8e4                MicroBitEvent::MicroBitEvent()
                0x000000000001e8e4                MicroBitEvent::MicroBitEvent()
 .text._ZN13MicroBitEventC2Ett23MicroBitEventLaunchMode
                0x000000000001e8fa       0x20 ym/microbit-dal/source/microbit-dal.a(MicroBitEvent.cpp.o)
                0x000000000001e8fa                MicroBitEvent::MicroBitEvent(unsigned short, unsigned short, MicroBitEventLaunchMode)
                0x000000000001e8fa                MicroBitEvent::MicroBitEvent(unsigned short, unsigned short, MicroBitEventLaunchMode)
 .text._ZN13MicroBitImageD2Ev
                0x000000000001e91a        0xe ym/microbit-dal/source/microbit-dal.a(MicroBitImage.cpp.o)
                0x000000000001e91a                MicroBitImage::~MicroBitImage()
                0x000000000001e91a                MicroBitImage::~MicroBitImage()
 .text._Z6memclrPvj
                0x000000000001e928        0xc ym/microbit-dal/source/microbit-dal.a(MicroBitImage.cpp.o)
                0x000000000001e928                memclr(void*, unsigned int)
 .text._ZN13MicroBitImage5clearEv
                0x000000000001e934       0x12 ym/microbit-dal/source/microbit-dal.a(MicroBitImage.cpp.o)
                0x000000000001e934                MicroBitImage::clear()
 .text._ZN13MicroBitImageC2Ess
                0x000000000001e946        0xe ym/microbit-dal/source/microbit-dal.a(MicroBitImage.cpp.o)
                0x000000000001e946                MicroBitImage::MicroBitImage(short, short)
                0x000000000001e946                MicroBitImage::MicroBitImage(short, short)
 .text._ZN13MicroBitImage5pasteERKS_ssh
                0x000000000001e954      0x110 ym/microbit-dal/source/microbit-dal.a(MicroBitImage.cpp.o)
                0x000000000001e954                MicroBitImage::paste(MicroBitImage const&, short, short, unsigned char)
 .text._ZN4mbed3I2C5writeEiPKcib
                0x000000000001ea64       0x30 ym/mbed-classic/existing/mbed-classic.a(I2C.cpp.o)
                0x000000000001ea64                mbed::I2C::write(int, char const*, int, bool)
 .text._ZN4mbed3I2C4readEiPcib
                0x000000000001ea94       0x30 ym/mbed-classic/existing/mbed-classic.a(I2C.cpp.o)
                0x000000000001ea94                mbed::I2C::read(int, char*, int, bool)
 .text._ZN4mbed10FileHandle4flenEv
                0x000000000001eac4       0x32 ym/mbed-classic/existing/mbed-classic.a(retarget.cpp.o)
                0x000000000001eac4                mbed::FileHandle::flen()
 .text._fstat   0x000000000001eaf6       0x24 ym/mbed-classic/existing/mbed-classic.a(retarget.cpp.o)
                0x000000000001eaf6                _fstat
 .text.__cxa_pure_virtual
                0x000000000001eb1a        0x8 ym/mbed-classic/existing/mbed-classic.a(retarget.cpp.o)
                0x000000000001eb1a                __cxa_pure_virtual
 .text.mbed_main
                0x000000000001eb22        0x2 ym/mbed-classic/existing/mbed-classic.a(retarget.cpp.o)
                0x000000000001eb22                mbed_main
 .text.mbed_sdk_init
                0x000000000001eb24        0x2 ym/mbed-classic/existing/mbed-classic.a(retarget.cpp.o)
                0x000000000001eb24                mbed_sdk_init
 .text.__wrap_main
                0x000000000001eb26       0x10 ym/mbed-classic/existing/mbed-classic.a(retarget.cpp.o)
                0x000000000001eb26                __wrap_main
 .text._exit    0x000000000001eb36        0xc ym/mbed-classic/existing/mbed-classic.a(retarget.cpp.o)
                0x000000000001eb36                _exit
 .text._ZN4mbed26mbed_set_unbuffered_streamEP7__sFILE
                0x000000000001eb42        0xa ym/mbed-classic/existing/mbed-classic.a(retarget.cpp.o)
                0x000000000001eb42                mbed::mbed_set_unbuffered_stream(__sFILE*)
 .text._ZN4mbed6Serial5_getcEv
                0x000000000001eb4c        0x8 ym/mbed-classic/existing/mbed-classic.a(Serial.cpp.o)
                0x000000000001eb4c                mbed::Serial::_getc()
 .text._ZN4mbed6Serial5_putcEi
                0x000000000001eb54        0x8 ym/mbed-classic/existing/mbed-classic.a(Serial.cpp.o)
                0x000000000001eb54                mbed::Serial::_putc(int)
 .text._ZN4mbed10SerialBase12_irq_handlerEm9SerialIrq
                0x000000000001eb5c       0x30 ym/mbed-classic/existing/mbed-classic.a(SerialBase.cpp.o)
                0x000000000001eb5c                mbed::SerialBase::_irq_handler(unsigned long, SerialIrq)
 .text._ZN4mbed10SerialBase10_base_getcEv
                0x000000000001eb8c        0xa ym/mbed-classic/existing/mbed-classic.a(SerialBase.cpp.o)
                0x000000000001eb8c                mbed::SerialBase::_base_getc()
 .text._ZN4mbed10SerialBase10_base_putcEi
                0x000000000001eb96        0xe ym/mbed-classic/existing/mbed-classic.a(SerialBase.cpp.o)
                0x000000000001eb96                mbed::SerialBase::_base_putc(int)
 .text._ZN4mbed6Stream5writeEPKvj
                0x000000000001eba4       0x26 ym/mbed-classic/existing/mbed-classic.a(Stream.cpp.o)
                0x000000000001eba4                mbed::Stream::write(void const*, unsigned int)
 .text._ZN4mbed6Stream4readEPvj
                0x000000000001ebca       0x24 ym/mbed-classic/existing/mbed-classic.a(Stream.cpp.o)
                0x000000000001ebca                mbed::Stream::read(void*, unsigned int)
 .text._ZN4mbed6Stream5lseekEli
                0x000000000001ebee        0x4 ym/mbed-classic/existing/mbed-classic.a(Stream.cpp.o)
                0x000000000001ebee                mbed::Stream::lseek(long, int)
 .text._ZN4mbed6Stream5fsyncEv
                0x000000000001ebf2        0x4 ym/mbed-classic/existing/mbed-classic.a(Stream.cpp.o)
                0x000000000001ebf2                mbed::Stream::close()
                0x000000000001ebf2                mbed::Stream::isatty()
                0x000000000001ebf2                mbed::Stream::fsync()
 .text._ZN4mbed6Stream4flenEv
                0x000000000001ebf6        0x4 ym/mbed-classic/existing/mbed-classic.a(Stream.cpp.o)
                0x000000000001ebf6                mbed::Stream::flen()
 .text._ZN4mbed6Ticker7handlerEv
                0x000000000001ebfa       0x2c ym/mbed-classic/existing/mbed-classic.a(Ticker.cpp.o)
                0x000000000001ebfa                mbed::Ticker::handler()
 .text._ZN4mbed6Ticker6detachEv
                0x000000000001ec26       0x10 ym/mbed-classic/existing/mbed-classic.a(Ticker.cpp.o)
                0x000000000001ec26                mbed::Ticker::detach()
 .text._ZN4mbed6Ticker5setupEm
                0x000000000001ec36       0x1c ym/mbed-classic/existing/mbed-classic.a(Ticker.cpp.o)
                0x000000000001ec36                mbed::Ticker::setup(unsigned long)
 .text._ZN4mbed7Timeout7handlerEv
                0x000000000001ec52       0x20 ym/mbed-classic/existing/mbed-classic.a(Timeout.cpp.o)
                0x000000000001ec52                mbed::Timeout::handler()
 .text._ZN4mbed7TimeoutD0Ev
                0x000000000001ec72       0x12 ym/mbed-classic/existing/mbed-classic.a(Timeout.cpp.o)
                0x000000000001ec72                mbed::Timeout::~Timeout()
 .text._ZN4mbed5Timer5startEv
                0x000000000001ec84       0x18 ym/mbed-classic/existing/mbed-classic.a(Timer.cpp.o)
                0x000000000001ec84                mbed::Timer::start()
 .text._ZN4mbed5Timer9slicetimeEv
                0x000000000001ec9c       0x16 ym/mbed-classic/existing/mbed-classic.a(Timer.cpp.o)
                0x000000000001ec9c                mbed::Timer::slicetime()
 .text._ZN4mbed5Timer7read_usEv
                0x000000000001ecb2        0xc ym/mbed-classic/existing/mbed-classic.a(Timer.cpp.o)
                0x000000000001ecb2                mbed::Timer::read_us()
 .text._ZN4mbed5Timer5resetEv
                0x000000000001ecbe       0x12 ym/mbed-classic/existing/mbed-classic.a(Timer.cpp.o)
                0x000000000001ecbe                mbed::Timer::reset()
 .text._ZN4mbed5TimerC2Ev
                0x000000000001ecd0       0x1c ym/mbed-classic/existing/mbed-classic.a(Timer.cpp.o)
                0x000000000001ecd0                mbed::Timer::Timer()
                0x000000000001ecd0                mbed::Timer::Timer()
 .text._ZN4mbed10TimerEvent3irqEm
                0x000000000001ecec        0xa ym/mbed-classic/existing/mbed-classic.a(TimerEvent.cpp.o)
                0x000000000001ecec                mbed::TimerEvent::irq(unsigned long)
 .text._ZN4mbed10TimerEvent6insertEm
                0x000000000001ecf6       0x10 ym/mbed-classic/existing/mbed-classic.a(TimerEvent.cpp.o)
                0x000000000001ecf6                mbed::TimerEvent::insert(unsigned long)
 .text._ZN4mbed10TimerEvent6removeEv
                0x000000000001ed06        0xc ym/mbed-classic/existing/mbed-classic.a(TimerEvent.cpp.o)
                0x000000000001ed06                mbed::TimerEvent::remove()
 .text.mbed_die
                0x000000000001ed12       0x66 ym/mbed-classic/existing/mbed-classic.a(board.c.o)
                0x000000000001ed12                mbed_die
 .text.error    0x000000000001ed78        0xa ym/mbed-classic/existing/mbed-classic.a(error.c.o)
                0x000000000001ed78                error
 .text._gpio_init_in
                0x000000000001ed82       0x22 ym/mbed-classic/existing/mbed-classic.a(gpio.c.o)
 .text._gpio_init_out.part.1
                0x000000000001eda4       0x26 ym/mbed-classic/existing/mbed-classic.a(gpio.c.o)
 .text.gpio_init_in
                0x000000000001edca        0xa ym/mbed-classic/existing/mbed-classic.a(gpio.c.o)
                0x000000000001edca                gpio_init_in
 .text.gpio_init_in_ex
                0x000000000001edd4        0x8 ym/mbed-classic/existing/mbed-classic.a(gpio.c.o)
                0x000000000001edd4                gpio_init_in_ex
 .text.gpio_init_out_ex
                0x000000000001eddc       0x1c ym/mbed-classic/existing/mbed-classic.a(gpio.c.o)
                0x000000000001eddc                gpio_init_out_ex
 .text.gpio_init_out
                0x000000000001edf8        0xa ym/mbed-classic/existing/mbed-classic.a(gpio.c.o)
                0x000000000001edf8                gpio_init_out
 .text.ticker_set_handler
                0x000000000001ee02       0x12 ym/mbed-classic/existing/mbed-classic.a(ticker_api.c.o)
                0x000000000001ee02                ticker_set_handler
 .text.ticker_irq_handler
                0x000000000001ee14       0x44 ym/mbed-classic/existing/mbed-classic.a(ticker_api.c.o)
                0x000000000001ee14                ticker_irq_handler
 .text.ticker_insert_event
                0x000000000001ee58       0x38 ym/mbed-classic/existing/mbed-classic.a(ticker_api.c.o)
                0x000000000001ee58                ticker_insert_event
 .text.ticker_remove_event
                0x000000000001ee90       0x38 ym/mbed-classic/existing/mbed-classic.a(ticker_api.c.o)
                0x000000000001ee90                ticker_remove_event
 .text.ticker_read
                0x000000000001eec8        0xa ym/mbed-classic/existing/mbed-classic.a(ticker_api.c.o)
                0x000000000001eec8                ticker_read
 .text.wait_us  0x000000000001eed2       0x16 ym/mbed-classic/existing/mbed-classic.a(wait_api.c.o)
                0x000000000001eed2                wait_us
 .text.wait_ms  0x000000000001eee8        0xe ym/mbed-classic/existing/mbed-classic.a(wait_api.c.o)
                0x000000000001eee8                wait_ms
 .text.gpio_mode
                0x000000000001eef6        0xc ym/mbed-classic/existing/mbed-classic.a(gpio_api.c.o)
                0x000000000001eef6                gpio_mode
 .text.gpio_dir
                0x000000000001ef02       0x1a ym/mbed-classic/existing/mbed-classic.a(gpio_api.c.o)
                0x000000000001ef02                gpio_dir
 .text.i2c_read
                0x000000000001ef1c       0x86 ym/mbed-classic/existing/mbed-classic.a(i2c_api.c.o)
                0x000000000001ef1c                i2c_read
 .text.i2c_write
                0x000000000001efa2       0x62 ym/mbed-classic/existing/mbed-classic.a(i2c_api.c.o)
                0x000000000001efa2                i2c_write
 .text.pin_mode
                0x000000000001f004       0x20 ym/mbed-classic/existing/mbed-classic.a(pinmap.c.o)
                0x000000000001f004                pin_mode
 .text.port_dir
                0x000000000001f024       0x48 ym/mbed-classic/existing/mbed-classic.a(port_api.c.o)
                0x000000000001f024                port_dir
 .text.port_write
                0x000000000001f06c       0x10 ym/mbed-classic/existing/mbed-classic.a(port_api.c.o)
                0x000000000001f06c                port_write
 .text.serial_getc
                0x000000000001f07c       0x1a ym/mbed-classic/existing/mbed-classic.a(serial_api.c.o)
                0x000000000001f07c                serial_getc
 .text.nrf_delay_us
                0x000000000001f096       0x2e ym/mbed-classic/existing/mbed-classic.a(twi_master.c.o)
 .text.us_ticker_disable_interrupt
                0x000000000001f0c4        0x2 ym/mbed-classic/existing/mbed-classic.a(us_ticker.c.o)
                0x000000000001f0c4                us_ticker_disable_interrupt
 .text.us_ticker_clear_interrupt
                0x000000000001f0c6        0x2 ym/mbed-classic/existing/mbed-classic.a(us_ticker.c.o)
                0x000000000001f0c6                us_ticker_clear_interrupt
 .text._ZN4mbed8FilePathC2EPKc
                0x000000000001f0c8       0x40 ym/mbed-classic/existing/mbed-classic.a(FilePath.cpp.o)
                0x000000000001f0c8                mbed::FilePath::FilePath(char const*)
                0x000000000001f0c8                mbed::FilePath::FilePath(char const*)
 .text._ZN4mbed8FilePath8fileNameEv
                0x000000000001f108        0x4 ym/mbed-classic/existing/mbed-classic.a(FilePath.cpp.o)
                0x000000000001f108                mbed::FilePath::fileName()
 .text._ZN4mbed8FilePath12isFileSystemEv
                0x000000000001f10c       0x16 ym/mbed-classic/existing/mbed-classic.a(FilePath.cpp.o)
                0x000000000001f10c                mbed::FilePath::isFileSystem()
 .text._ZN4mbed8FilePath10fileSystemEv
                0x000000000001f122       0x12 ym/mbed-classic/existing/mbed-classic.a(FilePath.cpp.o)
                0x000000000001f122                mbed::FilePath::fileSystem()
 .text._ZN4mbed8FilePath6isFileEv
                0x000000000001f134       0x14 ym/mbed-classic/existing/mbed-classic.a(FilePath.cpp.o)
                0x000000000001f134                mbed::FilePath::isFile()
 .text._ZN4mbed8FilePath4fileEv
                0x000000000001f148       0x18 ym/mbed-classic/existing/mbed-classic.a(FilePath.cpp.o)
                0x000000000001f148                mbed::FilePath::file()
 .text._ZN4mbed8FilePath6existsEv
                0x000000000001f160        0xa ym/mbed-classic/existing/mbed-classic.a(FilePath.cpp.o)
                0x000000000001f160                mbed::FilePath::exists()
 .text._ZN4mbed8FileBaseD0Ev
                0x000000000001f16a       0x12 ym/mbed-classic/existing/mbed-classic.a(FileBase.cpp.o)
                0x000000000001f16a                mbed::FileBase::~FileBase()
 .text._ZN4mbed8FileBase11getPathTypeEv
                0x000000000001f17c        0x4 ym/mbed-classic/existing/mbed-classic.a(FileBase.cpp.o)
                0x000000000001f17c                mbed::FileBase::getPathType()
 .text.__aeabi_atexit
                0x000000000001f180        0xe /usr/local/Cellar/arm-none-eabi-gcc/5.0-2016-q1-update/bin/../lib/gcc/arm-none-eabi/5.3.1/../../../../arm-none-eabi/lib/armv6-m/libstdc++_nano.a(atexit_arm.o)
                0x000000000001f180                __aeabi_atexit
 .text._ZdlPv   0x000000000001f18e        0x8 /usr/local/Cellar/arm-none-eabi-gcc/5.0-2016-q1-update/bin/../lib/gcc/arm-none-eabi/5.3.1/../../../../arm-none-eabi/lib/armv6-m/libstdc++_nano.a(del_op.o)
                0x000000000001f18e                operator delete(void*)
 .text.__sfmoreglue
                0x000000000001f196       0x2c /usr/local/Cellar/arm-none-eabi-gcc/5.0-2016-q1-update/bin/../lib/gcc/arm-none-eabi/5.3.1/../../../../arm-none-eabi/lib/armv6-m/libc_nano.a(lib_a-findfp.o)
                0x000000000001f196                __sfmoreglue
 .text.__sfp_lock_acquire
                0x000000000001f1c2        0x2 /usr/local/Cellar/arm-none-eabi-gcc/5.0-2016-q1-update/bin/../lib/gcc/arm-none-eabi/5.3.1/../../../../arm-none-eabi/lib/armv6-m/libc_nano.a(lib_a-findfp.o)
                0x000000000001f1c2                __sfp_lock_acquire
 .text.__sfp_lock_release
                0x000000000001f1c4        0x2 /usr/local/Cellar/arm-none-eabi-gcc/5.0-2016-q1-update/bin/../lib/gcc/arm-none-eabi/5.3.1/../../../../arm-none-eabi/lib/armv6-m/libc_nano.a(lib_a-findfp.o)
                0x000000000001f1c4                __sfp_lock_release
 .text._fseek_r
                0x000000000001f1c6        0x8 /usr/local/Cellar/arm-none-eabi-gcc/5.0-2016-q1-update/bin/../lib/gcc/arm-none-eabi/5.3.1/../../../../arm-none-eabi/lib/armv6-m/libc_nano.a(lib_a-fseek.o)
                0x000000000001f1c6                _fseek_r
 .text._fwalk_reent
                0x000000000001f1ce       0x42 /usr/local/Cellar/arm-none-eabi-gcc/5.0-2016-q1-update/bin/../lib/gcc/arm-none-eabi/5.3.1/../../../../arm-none-eabi/lib/armv6-m/libc_nano.a(lib_a-fwalk.o)
                0x000000000001f1ce                _fwalk_reent
 .text.memchr   0x000000000001f210       0x16 /usr/local/Cellar/arm-none-eabi-gcc/5.0-2016-q1-update/bin/../lib/gcc/arm-none-eabi/5.3.1/../../../../arm-none-eabi/lib/armv6-m/libc_nano.a(lib_a-memchr-stub.o)
                0x000000000001f210                memchr
 .text.memcpy   0x000000000001f226       0x12 /usr/local/Cellar/arm-none-eabi-gcc/5.0-2016-q1-update/bin/../lib/gcc/arm-none-eabi/5.3.1/../../../../arm-none-eabi/lib/armv6-m/libc_nano.a(lib_a-memcpy-stub.o)
                0x000000000001f226                memcpy
 .text.memmove  0x000000000001f238       0x2a /usr/local/Cellar/arm-none-eabi-gcc/5.0-2016-q1-update/bin/../lib/gcc/arm-none-eabi/5.3.1/../../../../arm-none-eabi/lib/armv6-m/libc_nano.a(lib_a-memmove.o)
                0x000000000001f238                memmove
 .text.memset   0x000000000001f262       0x10 /usr/local/Cellar/arm-none-eabi-gcc/5.0-2016-q1-update/bin/../lib/gcc/arm-none-eabi/5.3.1/../../../../arm-none-eabi/lib/armv6-m/libc_nano.a(lib_a-memset.o)
                0x000000000001f262                memset
 .text._printf_common
                0x000000000001f272       0xdc /usr/local/Cellar/arm-none-eabi-gcc/5.0-2016-q1-update/bin/../lib/gcc/arm-none-eabi/5.3.1/../../../../arm-none-eabi/lib/armv6-m/libc_nano.a(lib_a-nano-vfprintf_i.o)
                0x000000000001f272                _printf_common
 .text.__sccl   0x000000000001f34e       0x64 /usr/local/Cellar/arm-none-eabi-gcc/5.0-2016-q1-update/bin/../lib/gcc/arm-none-eabi/5.3.1/../../../../arm-none-eabi/lib/armv6-m/libc_nano.a(lib_a-sccl.o)
                0x000000000001f34e                __sccl
 .text.setbuf   0x000000000001f3b2       0x12 /usr/local/Cellar/arm-none-eabi-gcc/5.0-2016-q1-update/bin/../lib/gcc/arm-none-eabi/5.3.1/../../../../arm-none-eabi/lib/armv6-m/libc_nano.a(lib_a-setbuf.o)
                0x000000000001f3b2                setbuf
 .text.__seofread
                0x000000000001f3c4        0x4 /usr/local/Cellar/arm-none-eabi-gcc/5.0-2016-q1-update/bin/../lib/gcc/arm-none-eabi/5.3.1/../../../../arm-none-eabi/lib/armv6-m/libc_nano.a(lib_a-stdio.o)
                0x000000000001f3c4                __seofread
 .text.__sclose
                0x000000000001f3c8        0xc /usr/local/Cellar/arm-none-eabi-gcc/5.0-2016-q1-update/bin/../lib/gcc/arm-none-eabi/5.3.1/../../../../arm-none-eabi/lib/armv6-m/libc_nano.a(lib_a-stdio.o)
                0x000000000001f3c8                __sclose
 .text          0x000000000001f3d4       0x14 /usr/local/Cellar/arm-none-eabi-gcc/5.0-2016-q1-update/bin/../lib/gcc/arm-none-eabi/5.3.1/../../../../arm-none-eabi/lib/armv6-m/libc_nano.a(lib_a-strcmp.o)
                0x000000000001f3d4                strcmp
 .text          0x000000000001f3e8        0xe /usr/local/Cellar/arm-none-eabi-gcc/5.0-2016-q1-update/bin/../lib/gcc/arm-none-eabi/5.3.1/../../../../arm-none-eabi/lib/armv6-m/libc_nano.a(lib_a-strlen.o)
                0x000000000001f3e8                strlen
 .text.strncmp  0x000000000001f3f6       0x24 /usr/local/Cellar/arm-none-eabi-gcc/5.0-2016-q1-update/bin/../lib/gcc/arm-none-eabi/5.3.1/../../../../arm-none-eabi/lib/armv6-m/libc_nano.a(lib_a-strncmp.o)
                0x000000000001f3f6                strncmp
 .text.__sflags
                0x000000000001f41a       0x74 /usr/local/Cellar/arm-none-eabi-gcc/5.0-2016-q1-update/bin/../lib/gcc/arm-none-eabi/5.3.1/../../../../arm-none-eabi/lib/armv6-m/libc_nano.a(lib_a-flags.o)
                0x000000000001f41a                __sflags
 .text._realloc_r
                0x000000000001f48e       0x4c /usr/local/Cellar/arm-none-eabi-gcc/5.0-2016-q1-update/bin/../lib/gcc/arm-none-eabi/5.3.1/../../../../arm-none-eabi/lib/armv6-m/libc_nano.a(lib_a-nano-reallocr.o)
                0x000000000001f48e                _realloc_r
 .text._sungetc_r
                0x000000000001f4da       0x78 /usr/local/Cellar/arm-none-eabi-gcc/5.0-2016-q1-update/bin/../lib/gcc/arm-none-eabi/5.3.1/../../../../arm-none-eabi/lib/armv6-m/libc_nano.a(lib_a-nano-svfscanf.o)
                0x000000000001f4da                _sungetc_r
 .text.__ssrefill_r
                0x000000000001f552       0x3e /usr/local/Cellar/arm-none-eabi-gcc/5.0-2016-q1-update/bin/../lib/gcc/arm-none-eabi/5.3.1/../../../../arm-none-eabi/lib/armv6-m/libc_nano.a(lib_a-nano-svfscanf.o)
                0x000000000001f552                __ssrefill_r
 .text._malloc_usable_size_r
                0x000000000001f590       0x16 /usr/local/Cellar/arm-none-eabi-gcc/5.0-2016-q1-update/bin/../lib/gcc/arm-none-eabi/5.3.1/../../../../arm-none-eabi/lib/armv6-m/libc_nano.a(lib_a-nano-msizer.o)
                0x000000000001f590                _malloc_usable_size_r
 *(SORT(.init))
 *fill*         0x000000000001f5a6        0x2 
 .init          0x000000000001f5a8        0x4 /usr/local/Cellar/arm-none-eabi-gcc/5.0-2016-q1-update/bin/../lib/gcc/arm-none-eabi/5.3.1/armv6-m/crti.o
                0x000000000001f5a8                _init
 .init          0x000000000001f5ac        0x8 /usr/local/Cellar/arm-none-eabi-gcc/5.0-2016-q1-update/bin/../lib/gcc/arm-none-eabi/5.3.1/armv6-m/crtn.o
 *(SORT(.fini))
 .fini          0x000000000001f5b4        0x4 /usr/local/Cellar/arm-none-eabi-gcc/5.0-2016-q1-update/bin/../lib/gcc/arm-none-eabi/5.3.1/armv6-m/crti.o
                0x000000000001f5b4                _fini
 .fini          0x000000000001f5b8        0x8 /usr/local/Cellar/arm-none-eabi-gcc/5.0-2016-q1-update/bin/../lib/gcc/arm-none-eabi/5.3.1/armv6-m/crtn.o
 *crtbegin.o(SORT(.ctors))
 *crtbegin?.o(SORT(.ctors))
 *(SORT(EXCLUDE_FILE(*crtend.o *crtend?.o) .ctors))
 *(SORT(.ctors.*))
 *(SORT(.ctors))
 *crtbegin.o(SORT(.dtors))
 *crtbegin?.o(SORT(.dtors))
 *(SORT(EXCLUDE_FILE(*crtend.o *crtend?.o) .dtors))
 *(SORT(.dtors.*))
 *(SORT(.dtors))
 *(SORT(.rodata*))
 .rodata._ZL17microbitMatrixMap
                0x000000000001f5c0       0x18 source/CMakeFiles/dancing-lady.dir/Users/emorgan/GitHub/dancing_lady/source/main.cpp.o
 .rodata        0x000000000001f5d8        0xc ym/ubit-neopixel/source/ubit-neopixel.a(uBit_neopixel.cpp.o)
 .rodata._ZL5empty
                0x000000000001f5e4        0x6 ym/microbit-dal/source/microbit-dal.a(ManagedString.cpp.o)
 *fill*         0x000000000001f5ea        0x2 
 .rodata._ZTV21MicroBitAccelerometer
                0x000000000001f5ec       0x18 ym/microbit-dal/source/microbit-dal.a(MicroBitAccelerometer.cpp.o)
                0x000000000001f5ec                vtable for MicroBitAccelerometer
 .rodata.MMA8653SampleRate
                0x000000000001f604       0x40 ym/microbit-dal/source/microbit-dal.a(MicroBitAccelerometer.cpp.o)
                0x000000000001f604                MMA8653SampleRate
 .rodata._ZTV14MicroBitButton
                0x000000000001f644       0x18 ym/microbit-dal/source/microbit-dal.a(MicroBitButton.cpp.o)
                0x000000000001f644                vtable for MicroBitButton
 .rodata._ZTV15MicroBitDisplay
                0x000000000001f65c       0x18 ym/microbit-dal/source/microbit-dal.a(MicroBitDisplay.cpp.o)
                0x000000000001f65c                vtable for MicroBitDisplay
 .rodata._ZL16greyScaleTimings
                0x000000000001f674       0x20 ym/microbit-dal/source/microbit-dal.a(MicroBitDisplay.cpp.o)
 .rodata._ZL5empty
                0x000000000001f694        0x8 ym/microbit-dal/source/microbit-dal.a(MicroBitImage.cpp.o)
 .rodata._ZTVN4mbed10FileHandleE
                0x000000000001f69c       0x2c ym/mbed-classic/existing/mbed-classic.a(retarget.cpp.o)
                0x000000000001f69c                vtable for mbed::FileHandle
 .rodata._ZTVN4mbed6SerialE
                0x000000000001f6c8       0x5c ym/mbed-classic/existing/mbed-classic.a(Serial.cpp.o)
                0x000000000001f6c8                vtable for mbed::Serial
 .rodata._ZTVN4mbed10SerialBaseE
                0x000000000001f724       0x10 ym/mbed-classic/existing/mbed-classic.a(SerialBase.cpp.o)
                0x000000000001f724                vtable for mbed::SerialBase
 .rodata._ZTVN4mbed6StreamE
                0x000000000001f734       0x44 ym/mbed-classic/existing/mbed-classic.a(Stream.cpp.o)
                0x000000000001f734                vtable for mbed::Stream
 .rodata._ZTVN4mbed6TickerE
                0x000000000001f778       0x14 ym/mbed-classic/existing/mbed-classic.a(Ticker.cpp.o)
                0x000000000001f778                vtable for mbed::Ticker
 .rodata._ZTVN4mbed7TimeoutE
                0x000000000001f78c       0x14 ym/mbed-classic/existing/mbed-classic.a(Timeout.cpp.o)
                0x000000000001f78c                vtable for mbed::Timeout
 .rodata._ZTVN4mbed10TimerEventE
                0x000000000001f7a0       0x14 ym/mbed-classic/existing/mbed-classic.a(TimerEvent.cpp.o)
                0x000000000001f7a0                vtable for mbed::TimerEvent
 .rodata.us_interface
                0x000000000001f7b4       0x14 ym/mbed-classic/existing/mbed-classic.a(us_ticker_api.c.o)
 .rodata.us_data
                0x000000000001f7c8        0x8 ym/mbed-classic/existing/mbed-classic.a(us_ticker_api.c.o)
 .rodata.acceptedSpeeds
                0x000000000001f7d0       0x88 ym/mbed-classic/existing/mbed-classic.a(serial_api.c.o)
 .rodata._ZTVN4mbed8FileLikeE
                0x000000000001f858       0x3c ym/mbed-classic/existing/mbed-classic.a(FileLike.cpp.o)
                0x000000000001f858                vtable for mbed::FileLike
 .rodata._ZTVN4mbed8FileBaseE
                0x000000000001f894       0x10 ym/mbed-classic/existing/mbed-classic.a(FileBase.cpp.o)
                0x000000000001f894                vtable for mbed::FileBase
 .rodata        0x000000000001f8a4       0x80 /usr/local/Cellar/arm-none-eabi-gcc/5.0-2016-q1-update/bin/../lib/gcc/arm-none-eabi/5.3.1/armv6-m/libgcc.a(divsf3.o)
 .rodata        0x000000000001f924       0x40 /usr/local/Cellar/arm-none-eabi-gcc/5.0-2016-q1-update/bin/../lib/gcc/arm-none-eabi/5.3.1/armv6-m/libgcc.a(mulsf3.o)
 .rodata        0x000000000001f964       0x40 /usr/local/Cellar/arm-none-eabi-gcc/5.0-2016-q1-update/bin/../lib/gcc/arm-none-eabi/5.3.1/armv6-m/libgcc.a(divdf3.o)
 .rodata        0x000000000001f9a4       0x40 /usr/local/Cellar/arm-none-eabi-gcc/5.0-2016-q1-update/bin/../lib/gcc/arm-none-eabi/5.3.1/armv6-m/libgcc.a(muldf3.o)
 .rodata.__sf_fake_stdin
                0x000000000001f9e4       0x20 /usr/local/Cellar/arm-none-eabi-gcc/5.0-2016-q1-update/bin/../lib/gcc/arm-none-eabi/5.3.1/../../../../arm-none-eabi/lib/armv6-m/libc_nano.a(lib_a-findfp.o)
                0x000000000001f9e4                __sf_fake_stdin
 .rodata.__sf_fake_stdout
                0x000000000001fa04       0x20 /usr/local/Cellar/arm-none-eabi-gcc/5.0-2016-q1-update/bin/../lib/gcc/arm-none-eabi/5.3.1/../../../../arm-none-eabi/lib/armv6-m/libc_nano.a(lib_a-findfp.o)
                0x000000000001fa04                __sf_fake_stdout
 .rodata.__sf_fake_stderr
                0x000000000001fa24       0x20 /usr/local/Cellar/arm-none-eabi-gcc/5.0-2016-q1-update/bin/../lib/gcc/arm-none-eabi/5.3.1/../../../../arm-none-eabi/lib/armv6-m/libc_nano.a(lib_a-findfp.o)
                0x000000000001fa24                __sf_fake_stderr
 .rodata._global_impure_ptr
                0x000000000001fa44        0x4 /usr/local/Cellar/arm-none-eabi-gcc/5.0-2016-q1-update/bin/../lib/gcc/arm-none-eabi/5.3.1/../../../../arm-none-eabi/lib/armv6-m/libc_nano.a(lib_a-impure.o)
                0x000000000001fa44                _global_impure_ptr